stm32f1xx_hal_sram.c:230:13:HAL_SRAM_DMA_XferCpltCallback	0	static
stm32f1xx_hal_sram.c:245:13:HAL_SRAM_DMA_XferErrorCallback	0	static
stm32f1xx_hal_sram.c:200:13:HAL_SRAM_MspInit	0	static
stm32f1xx_hal_sram.c:140:19:HAL_SRAM_Init	16	static
stm32f1xx_hal_sram.c:215:13:HAL_SRAM_MspDeInit	0	static
stm32f1xx_hal_sram.c:178:20:HAL_SRAM_DeInit	8	static
stm32f1xx_hal_sram.c:281:19:HAL_SRAM_Read_8b	4	static
stm32f1xx_hal_sram.c:317:19:HAL_SRAM_Write_8b	4	static
stm32f1xx_hal_sram.c:359:19:HAL_SRAM_Read_16b	4	static
stm32f1xx_hal_sram.c:395:19:HAL_SRAM_Write_16b	4	static
stm32f1xx_hal_sram.c:437:19:HAL_SRAM_Read_32b	4	static
stm32f1xx_hal_sram.c:471:19:HAL_SRAM_Write_32b	4	static
stm32f1xx_hal_sram.c:511:19:HAL_SRAM_Read_DMA	16	static
stm32f1xx_hal_sram.c:544:19:HAL_SRAM_Write_DMA	16	static
stm32f1xx_hal_sram.c:599:19:HAL_SRAM_WriteOperation_Enable	16	static
stm32f1xx_hal_sram.c:622:19:HAL_SRAM_WriteOperation_Disable	8	static
stm32f1xx_hal_sram.c:667:23:HAL_SRAM_GetState	0	static
