stm32f1xx_hal_rtc.c:1446:17:RTC_ReadAlarmCounter	0	static
stm32f1xx_hal_rtc.c:1547:16:RTC_ByteToBcd2	0	static
stm32f1xx_hal_rtc.c:1565:16:RTC_Bcd2ToByte	0	static
stm32f1xx_hal_rtc.c:1495:26:RTC_EnterInitMode	16	static
stm32f1xx_hal_rtc.c:1522:26:RTC_ExitInitMode	16	static
stm32f1xx_hal_rtc.c:1463:26:RTC_WriteAlarmCounter	16	static
stm32f1xx_hal_rtc.c:425:13:HAL_RTC_MspInit	80	static
stm32f1xx_hal_rtc.c:466:13:HAL_RTC_MspDeInit	0	static
stm32f1xx_hal_rtc.c:1090:19:HAL_RTC_GetAlarm	24	static
stm32f1xx_hal_rtc.c:1135:19:HAL_RTC_DeactivateAlarm	8	static
stm32f1xx_hal_rtc.c:1233:13:HAL_RTC_AlarmAEventCallback	0	static
stm32f1xx_hal_rtc.c:1205:6:HAL_RTC_AlarmIRQHandler	8	static
stm32f1xx_hal_rtc.c:1249:19:HAL_RTC_PollForAlarmAEvent	16	static
stm32f1xx_hal_rtc.c:1304:21:HAL_RTC_GetState	0	static
stm32f1xx_hal_rtc.c:1337:19:HAL_RTC_WaitForSynchro	16	static
stm32f1xx_hal_rtc.c:242:19:HAL_RTC_Init	8	static
stm32f1xx_hal_rtc.c:355:19:HAL_RTC_DeInit	16	static
stm32f1xx_hal_rtc.c:1384:10:RTC_ReadTimeCounter	8	static
stm32f1xx_hal_rtc.c:1414:19:RTC_WriteTimeCounter	16	static
stm32f1xx_hal_rtc.c:504:19:HAL_RTC_SetTime	16	static
stm32f1xx_hal_rtc.c:1674:9:RTC_IsLeapYear	0	static
stm32f1xx_hal_rtc.c:1711:9:RTC_WeekDayNum	4	static
stm32f1xx_hal_rtc.c:1579:13:RTC_DateUpdate	32	static
stm32f1xx_hal_rtc.c:603:19:HAL_RTC_GetTime	32	static
stm32f1xx_hal_rtc.c:828:19:HAL_RTC_GetDate	32	static
stm32f1xx_hal_rtc.c:893:19:HAL_RTC_SetAlarm	32	static
stm32f1xx_hal_rtc.c:985:19:HAL_RTC_SetAlarm_IT	32	static
stm32f1xx_hal_rtc.c:714:19:HAL_RTC_SetDate	16	static
