stm32f1xx_ll_sdmmc.c:1143:17:SDMMC_GetCmdError	0	static
stm32f1xx_ll_sdmmc.c:1299:17:SDMMC_GetCmdResp2	0	static
stm32f1xx_ll_sdmmc.c:1341:17:SDMMC_GetCmdResp3	0	static
stm32f1xx_ll_sdmmc.c:1447:17:SDMMC_GetCmdResp7	0	static
stm32f1xx_ll_sdmmc.c:226:19:SDIO_Init	4	static
stm32f1xx_ll_sdmmc.c:279:10:SDIO_ReadFIFO	0	static
stm32f1xx_ll_sdmmc.c:291:19:SDIO_WriteFIFO	0	static
stm32f1xx_ll_sdmmc.c:323:19:SDIO_PowerState_ON	0	static
stm32f1xx_ll_sdmmc.c:336:19:SDIO_PowerState_OFF	0	static
stm32f1xx_ll_sdmmc.c:353:10:SDIO_GetPowerState	0	static
stm32f1xx_ll_sdmmc.c:366:19:SDIO_SendCommand	0	static
stm32f1xx_ll_sdmmc.c:396:9:SDIO_GetCommandResponse	0	static
stm32f1xx_ll_sdmmc.c:413:10:SDIO_GetResponse	8	static
stm32f1xx_ll_sdmmc.c:1170:17:SDMMC_GetCmdResp1	16	static
stm32f1xx_ll_sdmmc.c:1380:17:SDMMC_GetCmdResp6	16	static
stm32f1xx_ll_sdmmc.c:434:19:SDIO_ConfigData	0	static
stm32f1xx_ll_sdmmc.c:469:10:SDIO_GetDataCounter	0	static
stm32f1xx_ll_sdmmc.c:479:10:SDIO_GetFIFOCount	0	static
stm32f1xx_ll_sdmmc.c:493:19:SDIO_SetSDMMCReadWaitMode	0	static
stm32f1xx_ll_sdmmc.c:528:10:SDMMC_CmdBlockLength	40	static
stm32f1xx_ll_sdmmc.c:552:10:SDMMC_CmdReadSingleBlock	40	static
stm32f1xx_ll_sdmmc.c:576:10:SDMMC_CmdReadMultiBlock	40	static
stm32f1xx_ll_sdmmc.c:600:10:SDMMC_CmdWriteSingleBlock	40	static
stm32f1xx_ll_sdmmc.c:624:10:SDMMC_CmdWriteMultiBlock	40	static
stm32f1xx_ll_sdmmc.c:648:10:SDMMC_CmdSDEraseStartAdd	40	static
stm32f1xx_ll_sdmmc.c:672:10:SDMMC_CmdSDEraseEndAdd	40	static
stm32f1xx_ll_sdmmc.c:696:10:SDMMC_CmdEraseStartAdd	40	static
stm32f1xx_ll_sdmmc.c:720:10:SDMMC_CmdEraseEndAdd	40	static
stm32f1xx_ll_sdmmc.c:744:10:SDMMC_CmdErase	40	static
stm32f1xx_ll_sdmmc.c:768:10:SDMMC_CmdStopTransfer	40	static
stm32f1xx_ll_sdmmc.c:793:10:SDMMC_CmdSelDesel	40	static
stm32f1xx_ll_sdmmc.c:817:10:SDMMC_CmdGoIdleState	32	static
stm32f1xx_ll_sdmmc.c:840:10:SDMMC_CmdOperCond	32	static
stm32f1xx_ll_sdmmc.c:870:10:SDMMC_CmdAppCommand	40	static
stm32f1xx_ll_sdmmc.c:897:10:SDMMC_CmdAppOperCommand	32	static
stm32f1xx_ll_sdmmc.c:920:10:SDMMC_CmdBusWidth	40	static
stm32f1xx_ll_sdmmc.c:943:10:SDMMC_CmdSendSCR	40	static
stm32f1xx_ll_sdmmc.c:967:10:SDMMC_CmdSendCID	32	static
stm32f1xx_ll_sdmmc.c:991:10:SDMMC_CmdSendCSD	32	static
stm32f1xx_ll_sdmmc.c:1015:10:SDMMC_CmdSetRelAdd	40	static
stm32f1xx_ll_sdmmc.c:1039:10:SDMMC_CmdSendStatus	40	static
stm32f1xx_ll_sdmmc.c:1062:10:SDMMC_CmdStatusRegister	40	static
stm32f1xx_ll_sdmmc.c:1087:10:SDMMC_CmdOpCondition	32	static
stm32f1xx_ll_sdmmc.c:1111:10:SDMMC_CmdSwitch	40	static
