lv_theme_material.c:959:13:theme_apply	16	static
lv_theme_material.c:1392:13:style_init_reset	8	static
lv_theme_material.c:351:13:bar_init	16	static
lv_theme_material.c:406:13:slider_init	8	static
lv_theme_material.c:428:13:switch_init	8	static
lv_theme_material.c:442:13:linemeter_init	16	static
lv_theme_material.c:461:13:gauge_init	16	static
lv_theme_material.c:497:13:arc_init	8	static
lv_theme_material.c:526:13:chart_init	8	static
lv_theme_material.c:547:13:calendar_init	16	static
lv_theme_material.c:590:13:cpicker_init	16	static
lv_theme_material.c:615:13:checkbox_init	16	static
lv_theme_material.c:649:13:keyboard_init	8	static
lv_theme_material.c:666:13:msgbox_init	8	static
lv_theme_material.c:676:13:page_init	8	static
lv_theme_material.c:695:13:textarea_init	8	static
lv_theme_material.c:710:13:spinbox_init	8	static
lv_theme_material.c:724:13:list_init	16	static
lv_theme_material.c:778:13:ddlist_init	16	static
lv_theme_material.c:795:13:roller_init	8	static
lv_theme_material.c:820:13:table_init	8	static
lv_theme_material.c:841:13:tabview_win_shared_init	16	static
lv_theme_material.c:390:13:led_init	16	static
lv_theme_material.c:200:13:basic_init	24	static
lv_theme_material.c:894:14:lv_theme_material_init	24	static
