stm32f1xx_hal_msp.c:361:13:HAL_FSMC_MspInit	40	static
stm32f1xx_hal_msp.c:438:13:HAL_FSMC_MspDeInit	8	static
stm32f1xx_hal_msp.c:67:6:HAL_MspInit	16	static
stm32f1xx_hal_msp.c:95:6:HAL_CRC_MspInit	8	static
stm32f1xx_hal_msp.c:117:6:HAL_CRC_MspDeInit	0	static
stm32f1xx_hal_msp.c:139:6:HAL_TIM_Base_MspInit	16	static
stm32f1xx_hal_msp.c:164:6:HAL_TIM_Base_MspDeInit	8	static
stm32f1xx_hal_msp.c:189:6:HAL_UART_MspInit	56	static
stm32f1xx_hal_msp.c:292:6:HAL_UART_MspDeInit	8	static
stm32f1xx_hal_msp.c:426:6:HAL_SRAM_MspInit	8	static
stm32f1xx_hal_msp.c:490:6:HAL_SRAM_MspDeInit	8	static
stm32f1xx_hal_msp.c:500:6:HAL_WWDG_MspInit	8	static
