cJSON.c:122:12:pow2gt	0	static
cJSON.c:182:17:parse_hex4	0	static
cJSON.c:197:20:parse_string	24	static
cJSON.c:329:20:skip	0	static
cJSON.c:681:13:suffix_object	0	static
cJSON.c:77:15:cJSON_New_Item	8	static
cJSON.c:100:20:parse_number	48	static
cJSON.c:370:20:parse_value	16	static
cJSON.c:419:20:parse_array	16	static
cJSON.c:527:20:parse_object	16	static
cJSON.c:126:14:ensure	16	static
cJSON.c:683:15:create_reference	24	static
cJSON.c:53:14:cJSON_strdup	16	static
cJSON.c:143:12:update	8	static
cJSON.c:152:14:print_number	24	static
cJSON.c:261:14:print_string_ptr	32	static
cJSON.c:318:14:print_string	8	static
cJSON.c:563:14:print_object	64	static
cJSON.c:385:14:print_value	8	static
cJSON.c:447:14:print_array	48	static
cJSON.c:43:12:cJSON_strcasecmp	24	static
cJSON.c:41:13:cJSON_GetErrorPtr	0	static
cJSON.c:64:6:cJSON_InitHooks	0	static
cJSON.c:85:6:cJSON_Delete	16	static
cJSON.c:336:8:cJSON_ParseWithOpts	24	static
cJSON.c:352:8:cJSON_Parse	8	static
cJSON.c:355:7:cJSON_Print	8	static
cJSON.c:356:7:cJSON_PrintUnformatted	8	static
cJSON.c:358:7:cJSON_PrintBuffered	32	static
cJSON.c:676:8:cJSON_GetArraySize	0	static
cJSON.c:677:8:cJSON_GetArrayItem	0	static
cJSON.c:678:8:cJSON_GetObjectItem	16	static
cJSON.c:686:8:cJSON_AddItemToArray	8	static
cJSON.c:687:8:cJSON_AddItemToObject	16	static
cJSON.c:688:8:cJSON_AddItemToObjectCS	16	static
cJSON.c:689:6:cJSON_AddItemReferenceToArray	8	static
cJSON.c:690:6:cJSON_AddItemReferenceToObject	16	static
cJSON.c:692:8:cJSON_DetachItemFromArray	0	static
cJSON.c:696:8:cJSON_DeleteItemFromArray	8	static
cJSON.c:697:8:cJSON_DetachItemFromObject	24	static
cJSON.c:698:8:cJSON_DeleteItemFromObject	8	static
cJSON.c:701:8:cJSON_InsertItemInArray	8	static
cJSON.c:705:8:cJSON_ReplaceItemInArray	8	static
cJSON.c:710:8:cJSON_ReplaceItemInObject	24	static
cJSON.c:713:8:cJSON_CreateNull	8	static
cJSON.c:714:8:cJSON_CreateTrue	8	static
cJSON.c:715:8:cJSON_CreateFalse	8	static
cJSON.c:716:8:cJSON_CreateBool	8	static
cJSON.c:717:8:cJSON_CreateNumber	16	static
cJSON.c:718:8:cJSON_CreateString	16	static
cJSON.c:719:8:cJSON_CreateArray	8	static
cJSON.c:720:8:cJSON_CreateObject	8	static
cJSON.c:723:8:cJSON_CreateIntArray	32	static
cJSON.c:724:8:cJSON_CreateFloatArray	32	static
cJSON.c:725:8:cJSON_CreateDoubleArray	32	static
cJSON.c:726:8:cJSON_CreateStringArray	32	static
cJSON.c:729:8:cJSON_Duplicate	24	static
cJSON.c:756:6:cJSON_Minify	0	static
