Archive member included to satisfy reference by file (symbol)

c:/program files (x86)/atollic/truestudio for stm32 9.3.0/armtools/bin/../lib/gcc/arm-atollic-eabi/6.3.1/../../../../arm-atollic-eabi/lib/armv7-m\libc_nano.a(lib_a-errno.o)
                              Src\syscalls.o (__errno)
c:/program files (x86)/atollic/truestudio for stm32 9.3.0/armtools/bin/../lib/gcc/arm-atollic-eabi/6.3.1/../../../../arm-atollic-eabi/lib/armv7-m\libc_nano.a(lib_a-impure.o)
                              c:/program files (x86)/atollic/truestudio for stm32 9.3.0/armtools/bin/../lib/gcc/arm-atollic-eabi/6.3.1/../../../../arm-atollic-eabi/lib/armv7-m\libc_nano.a(lib_a-errno.o) (_impure_ptr)
c:/program files (x86)/atollic/truestudio for stm32 9.3.0/armtools/bin/../lib/gcc/arm-atollic-eabi/6.3.1/../../../../arm-atollic-eabi/lib/armv7-m\libc_nano.a(lib_a-init.o)
                              startup\startup_stm32f103xe.o (__libc_init_array)
c:/program files (x86)/atollic/truestudio for stm32 9.3.0/armtools/bin/../lib/gcc/arm-atollic-eabi/6.3.1/../../../../arm-atollic-eabi/lib/armv7-m\libc_nano.a(lib_a-locale.o)
                              HARDWARE\cJSON\cJSON.o (__locale_ctype_ptr)
c:/program files (x86)/atollic/truestudio for stm32 9.3.0/armtools/bin/../lib/gcc/arm-atollic-eabi/6.3.1/../../../../arm-atollic-eabi/lib/armv7-m\libc_nano.a(lib_a-mbtowc_r.o)
                              c:/program files (x86)/atollic/truestudio for stm32 9.3.0/armtools/bin/../lib/gcc/arm-atollic-eabi/6.3.1/../../../../arm-atollic-eabi/lib/armv7-m\libc_nano.a(lib_a-locale.o) (__ascii_mbtowc)
c:/program files (x86)/atollic/truestudio for stm32 9.3.0/armtools/bin/../lib/gcc/arm-atollic-eabi/6.3.1/../../../../arm-atollic-eabi/lib/armv7-m\libc_nano.a(lib_a-memcmp.o)
                              Lvgl\src\lv_core\lv_obj.o (memcmp)
c:/program files (x86)/atollic/truestudio for stm32 9.3.0/armtools/bin/../lib/gcc/arm-atollic-eabi/6.3.1/../../../../arm-atollic-eabi/lib/armv7-m\libc_nano.a(lib_a-memcpy-stub.o)
                              HARDWARE\Sdio\sdio_sdcard.o (memcpy)
c:/program files (x86)/atollic/truestudio for stm32 9.3.0/armtools/bin/../lib/gcc/arm-atollic-eabi/6.3.1/../../../../arm-atollic-eabi/lib/armv7-m\libc_nano.a(lib_a-memset.o)
                              HARDWARE\cJSON\cJSON.o (memset)
c:/program files (x86)/atollic/truestudio for stm32 9.3.0/armtools/bin/../lib/gcc/arm-atollic-eabi/6.3.1/../../../../arm-atollic-eabi/lib/armv7-m\libc_nano.a(lib_a-printf.o)
                              Lvgl\Demo\src\lv_ex_widgets\lv_ex_btnmatrix\lv_ex_btnmatrix_1.o (printf)
c:/program files (x86)/atollic/truestudio for stm32 9.3.0/armtools/bin/../lib/gcc/arm-atollic-eabi/6.3.1/../../../../arm-atollic-eabi/lib/armv7-m\libc_nano.a(lib_a-puts.o)
                              Lvgl\Demo\src\lv_ex_widgets\lv_ex_btn\lv_ex_btn_1.o (puts)
c:/program files (x86)/atollic/truestudio for stm32 9.3.0/armtools/bin/../lib/gcc/arm-atollic-eabi/6.3.1/../../../../arm-atollic-eabi/lib/armv7-m\libc_nano.a(lib_a-snprintf.o)
                              Lvgl\Demo\src\lv_ex_widgets\lv_ex_slider\lv_ex_slider_2.o (snprintf)
c:/program files (x86)/atollic/truestudio for stm32 9.3.0/armtools/bin/../lib/gcc/arm-atollic-eabi/6.3.1/../../../../arm-atollic-eabi/lib/armv7-m\libc_nano.a(lib_a-sprintf.o)
                              HARDWARE\cJSON\cJSON.o (sprintf)
c:/program files (x86)/atollic/truestudio for stm32 9.3.0/armtools/bin/../lib/gcc/arm-atollic-eabi/6.3.1/../../../../arm-atollic-eabi/lib/armv7-m\libc_nano.a(lib_a-strchr.o)
                              HARDWARE\cJSON\cJSON.o (strchr)
c:/program files (x86)/atollic/truestudio for stm32 9.3.0/armtools/bin/../lib/gcc/arm-atollic-eabi/6.3.1/../../../../arm-atollic-eabi/lib/armv7-m\libc_nano.a(lib_a-strcmp.o)
                              Lvgl\src\lv_core\lv_obj.o (strcmp)
c:/program files (x86)/atollic/truestudio for stm32 9.3.0/armtools/bin/../lib/gcc/arm-atollic-eabi/6.3.1/../../../../arm-atollic-eabi/lib/armv7-m\libc_nano.a(lib_a-strcpy.o)
                              HARDWARE\cJSON\cJSON.o (strcpy)
c:/program files (x86)/atollic/truestudio for stm32 9.3.0/armtools/bin/../lib/gcc/arm-atollic-eabi/6.3.1/../../../../arm-atollic-eabi/lib/armv7-m\libc_nano.a(lib_a-strlen.o)
                              HARDWARE\cJSON\cJSON.o (strlen)
c:/program files (x86)/atollic/truestudio for stm32 9.3.0/armtools/bin/../lib/gcc/arm-atollic-eabi/6.3.1/../../../../arm-atollic-eabi/lib/armv7-m\libc_nano.a(lib_a-strncmp.o)
                              HARDWARE\cJSON\cJSON.o (strncmp)
c:/program files (x86)/atollic/truestudio for stm32 9.3.0/armtools/bin/../lib/gcc/arm-atollic-eabi/6.3.1/../../../../arm-atollic-eabi/lib/armv7-m\libc_nano.a(lib_a-strncpy.o)
                              Lvgl\src\lv_widgets\lv_chart.o (strncpy)
c:/program files (x86)/atollic/truestudio for stm32 9.3.0/armtools/bin/../lib/gcc/arm-atollic-eabi/6.3.1/../../../../arm-atollic-eabi/lib/armv7-m\libc_nano.a(lib_a-wbuf.o)
[...]
Memory Configuration

Name             Origin             Length             Attributes
FLASH            0x08000000         0x00080000         xr
RAM              0x20000000         0x00010000         xrw
MEMORY_B1        0x60000000         0x00000000         xr
*default*        0x00000000         0xffffffff

Linker script and memory map

LOAD c:/program files (x86)/atollic/truestudio for stm32 9.3.0/armtools/bin/../lib/gcc/arm-atollic-eabi/6.3.1/armv7-m/crti.o
LOAD c:/program files (x86)/atollic/truestudio for stm32 9.3.0/armtools/bin/../lib/gcc/arm-atollic-eabi/6.3.1/armv7-m/crtbegin.o
LOAD Drivers\STM32F1xx_HAL_Driver\Src\stm32f1xx_hal.o
LOAD Drivers\STM32F1xx_HAL_Driver\Src\stm32f1xx_hal_cortex.o
LOAD Drivers\STM32F1xx_HAL_Driver\Src\stm32f1xx_hal_crc.o
LOAD Drivers\STM32F1xx_HAL_Driver\Src\stm32f1xx_hal_flash.o
LOAD Drivers\STM32F1xx_HAL_Driver\Src\stm32f1xx_hal_flash_ex.o
LOAD Drivers\STM32F1xx_HAL_Driver\Src\stm32f1xx_hal_gpio.o
LOAD Drivers\STM32F1xx_HAL_Driver\Src\stm32f1xx_hal_gpio_ex.o
LOAD Drivers\STM32F1xx_HAL_Driver\Src\stm32f1xx_hal_iwdg.o
LOAD Drivers\STM32F1xx_HAL_Driver\Src\stm32f1xx_hal_pwr.o
LOAD Drivers\STM32F1xx_HAL_Driver\Src\stm32f1xx_hal_rcc.o
LOAD Drivers\STM32F1xx_HAL_Driver\Src\stm32f1xx_hal_rcc_ex.o
LOAD Drivers\STM32F1xx_HAL_Driver\Src\stm32f1xx_hal_rtc.o
LOAD Drivers\STM32F1xx_HAL_Driver\Src\stm32f1xx_hal_rtc_ex.o
LOAD Drivers\STM32F1xx_HAL_Driver\Src\stm32f1xx_hal_spi.o
LOAD Drivers\STM32F1xx_HAL_Driver\Src\stm32f1xx_hal_sram.o
LOAD Drivers\STM32F1xx_HAL_Driver\Src\stm32f1xx_hal_tim.o
LOAD Drivers\STM32F1xx_HAL_Driver\Src\stm32f1xx_hal_tim_ex.o
LOAD Drivers\STM32F1xx_HAL_Driver\Src\stm32f1xx_hal_uart.o
LOAD Drivers\STM32F1xx_HAL_Driver\Src\stm32f1xx_hal_wwdg.o
LOAD Drivers\STM32F1xx_HAL_Driver\Src\stm32f1xx_ll_dma.o
LOAD Drivers\STM32F1xx_HAL_Driver\Src\stm32f1xx_ll_fsmc.o
LOAD Drivers\STM32F1xx_HAL_Driver\Src\stm32f1xx_ll_sdmmc.o
LOAD HARDWARE\HX8368\LCD_DRV.o
LOAD HARDWARE\KEY\KeyScan.o
LOAD HARDWARE\SPI1\Phy_Spi1.o
LOAD HARDWARE\Sdio\sdio_sdcard.o
LOAD HARDWARE\Uart\Phy_Uart.o
LOAD HARDWARE\cJSON\cJSON.o
LOAD Lvgl\Demo\src\lv_demo_benchmark\lv_demo_benchmark.o
LOAD Lvgl\Demo\src\lv_demo_keypad_encoder\lv_demo_keypad_encoder.o
LOAD Lvgl\Demo\src\lv_demo_stress\lv_demo_stress.o
LOAD Lvgl\Demo\src\lv_demo_widgets\lv_demo_widgets.o
LOAD Lvgl\Demo\src\lv_ex_get_started\lv_ex_get_started_1.o
LOAD Lvgl\Demo\src\lv_ex_get_started\lv_ex_get_started_2.o
LOAD Lvgl\Demo\src\lv_ex_get_started\lv_ex_get_started_3.o
LOAD Lvgl\Demo\src\lv_ex_style\lv_ex_style_1.o
LOAD Lvgl\Demo\src\lv_ex_style\lv_ex_style_10.o
LOAD Lvgl\Demo\src\lv_ex_style\lv_ex_style_11.o
LOAD Lvgl\Demo\src\lv_ex_style\lv_ex_style_2.o
LOAD Lvgl\Demo\src\lv_ex_style\lv_ex_style_3.o
LOAD Lvgl\Demo\src\lv_ex_style\lv_ex_style_4.o
LOAD Lvgl\Demo\src\lv_ex_style\lv_ex_style_5.o
LOAD Lvgl\Demo\src\lv_ex_style\lv_ex_style_6.o
LOAD Lvgl\Demo\src\lv_ex_style\lv_ex_style_7.o
LOAD Lvgl\Demo\src\lv_ex_style\lv_ex_style_8.o
LOAD Lvgl\Demo\src\lv_ex_style\lv_ex_style_9.o
LOAD Lvgl\Demo\src\lv_ex_widgets\lv_ex_arc\lv_ex_arc_1.o
LOAD Lvgl\Demo\src\lv_ex_widgets\lv_ex_arc\lv_ex_arc_2.o
LOAD Lvgl\Demo\src\lv_ex_widgets\lv_ex_bar\lv_ex_bar_1.o
LOAD Lvgl\Demo\src\lv_ex_widgets\lv_ex_btn\lv_ex_btn_1.o
LOAD Lvgl\Demo\src\lv_ex_widgets\lv_ex_btn\lv_ex_btn_2.o
LOAD Lvgl\Demo\src\lv_ex_widgets\lv_ex_btnmatrix\lv_ex_btnmatrix_1.o
LOAD Lvgl\Demo\src\lv_ex_widgets\lv_ex_calendar\lv_ex_calendar_1.o
LOAD Lvgl\Demo\src\lv_ex_widgets\lv_ex_canvas\lv_ex_canvas_1.o
LOAD Lvgl\Demo\src\lv_ex_widgets\lv_ex_canvas\lv_ex_canvas_2.o
LOAD Lvgl\Demo\src\lv_ex_widgets\lv_ex_chart\lv_ex_chart_1.o
LOAD Lvgl\Demo\src\lv_ex_widgets\lv_ex_chart\lv_ex_chart_2.o
LOAD Lvgl\Demo\src\lv_ex_widgets\lv_ex_checkbox\lv_ex_checkbox_1.o
LOAD Lvgl\Demo\src\lv_ex_widgets\lv_ex_cont\lv_ex_cont_1.o
LOAD Lvgl\Demo\src\lv_ex_widgets\lv_ex_cpicker\lv_ex_cpicker_1.o
LOAD Lvgl\Demo\src\lv_ex_widgets\lv_ex_cpicker\lv_ex_cpicker_2.o
LOAD Lvgl\Demo\src\lv_ex_widgets\lv_ex_dropdown\lv_ex_dropdown_1.o
LOAD Lvgl\Demo\src\lv_ex_widgets\lv_ex_dropdown\lv_ex_dropdown_2.o
LOAD Lvgl\Demo\src\lv_ex_widgets\lv_ex_gauge\lv_ex_gauge_1.o
LOAD Lvgl\Demo\src\lv_ex_widgets\lv_ex_gauge\lv_ex_gauge_2.o
LOAD Lvgl\Demo\src\lv_ex_widgets\lv_ex_img\lv_ex_img_1.o
LOAD Lvgl\Demo\src\lv_ex_widgets\lv_ex_img\lv_ex_img_2.o
LOAD Lvgl\Demo\src\lv_ex_widgets\lv_ex_img\lv_ex_img_3.o
LOAD Lvgl\Demo\src\lv_ex_widgets\lv_ex_imgbtn\imgbtn_blue.o
LOAD Lvgl\Demo\src\lv_ex_widgets\lv_ex_imgbtn\imgbtn_green.o
LOAD Lvgl\Demo\src\lv_ex_widgets\lv_ex_imgbtn\lv_ex_imgbtn_1.o
LOAD Lvgl\Demo\src\lv_ex_widgets\lv_ex_keyboard\lv_ex_keyboard_1.o
LOAD Lvgl\Demo\src\lv_ex_widgets\lv_ex_label\lv_ex_label_1.o
LOAD Lvgl\Demo\src\lv_ex_widgets\lv_ex_label\lv_ex_label_2.o
LOAD Lvgl\Demo\src\lv_ex_widgets\lv_ex_label\lv_ex_label_3.o
LOAD Lvgl\Demo\src\lv_ex_widgets\lv_ex_led\lv_ex_led_1.o
LOAD Lvgl\Demo\src\lv_ex_widgets\lv_ex_line\lv_ex_line_1.o
LOAD Lvgl\Demo\src\lv_ex_widgets\lv_ex_linemeter\lv_ex_linemeter_1.o
LOAD Lvgl\Demo\src\lv_ex_widgets\lv_ex_list\lv_ex_list_1.o
LOAD Lvgl\Demo\src\lv_ex_widgets\lv_ex_msgbox\lv_ex_msgbox_1.o
LOAD Lvgl\Demo\src\lv_ex_widgets\lv_ex_msgbox\lv_ex_msgbox_2.o
LOAD Lvgl\Demo\src\lv_ex_widgets\lv_ex_obj\lv_ex_obj_1.o
LOAD Lvgl\Demo\src\lv_ex_widgets\lv_ex_objmask\lv_ex_objmask_1.o
LOAD Lvgl\Demo\src\lv_ex_widgets\lv_ex_objmask\lv_ex_objmask_2.o
LOAD Lvgl\Demo\src\lv_ex_widgets\lv_ex_page\lv_ex_page_1.o
LOAD Lvgl\Demo\src\lv_ex_widgets\lv_ex_roller\lv_ex_roller_1.o
LOAD Lvgl\Demo\src\lv_ex_widgets\lv_ex_slider\lv_ex_slider_1.o
LOAD Lvgl\Demo\src\lv_ex_widgets\lv_ex_slider\lv_ex_slider_2.o
LOAD Lvgl\Demo\src\lv_ex_widgets\lv_ex_spinbox\lv_ex_spinbox_1.o
LOAD Lvgl\Demo\src\lv_ex_widgets\lv_ex_spinner\lv_ex_spinner_1.o
LOAD Lvgl\Demo\src\lv_ex_widgets\lv_ex_switch\lv_ex_switch_1.o
LOAD Lvgl\Demo\src\lv_ex_widgets\lv_ex_table\lv_ex_table_1.o
LOAD Lvgl\Demo\src\lv_ex_widgets\lv_ex_tabview\lv_ex_tabview_1.o
LOAD Lvgl\Demo\src\lv_ex_widgets\lv_ex_textarea\lv_ex_textarea_1.o
LOAD Lvgl\Demo\src\lv_ex_widgets\lv_ex_textarea\lv_ex_textarea_2.o
LOAD Lvgl\Demo\src\lv_ex_widgets\lv_ex_textarea\lv_ex_textarea_3.o
LOAD Lvgl\Demo\src\lv_ex_widgets\lv_ex_tileview\lv_ex_tileview_1.o
LOAD Lvgl\Demo\src\lv_ex_widgets\lv_ex_win\lv_ex_win_1.o
LOAD Lvgl\lv_drivers\lv_port_disp.o
LOAD Lvgl\lv_drivers\lv_port_fs.o
LOAD Lvgl\lv_drivers\lv_port_indev.o
LOAD Lvgl\src\lv_core\lv_disp.o
LOAD Lvgl\src\lv_core\lv_group.o
LOAD Lvgl\src\lv_core\lv_indev.o
LOAD Lvgl\src\lv_core\lv_obj.o
LOAD Lvgl\src\lv_core\lv_refr.o
LOAD Lvgl\src\lv_core\lv_style.o
LOAD Lvgl\src\lv_draw\lv_draw_arc.o
LOAD Lvgl\src\lv_draw\lv_draw_blend.o
LOAD Lvgl\src\lv_draw\lv_draw_img.o
LOAD Lvgl\src\lv_draw\lv_draw_label.o
LOAD Lvgl\src\lv_draw\lv_draw_line.o
LOAD Lvgl\src\lv_draw\lv_draw_mask.o
LOAD Lvgl\src\lv_draw\lv_draw_rect.o
LOAD Lvgl\src\lv_draw\lv_draw_triangle.o
LOAD Lvgl\src\lv_draw\lv_img_buf.o
LOAD Lvgl\src\lv_draw\lv_img_cache.o
LOAD Lvgl\src\lv_draw\lv_img_decoder.o
LOAD Lvgl\src\lv_font\lv_font.o
LOAD Lvgl\src\lv_font\lv_font_dejavu_16_persian_hebrew.o
LOAD Lvgl\src\lv_font\lv_font_fmt_txt.o
LOAD Lvgl\src\lv_font\lv_font_loader.o
LOAD Lvgl\src\lv_font\lv_font_montserrat_10.o
LOAD Lvgl\src\lv_font\lv_font_montserrat_12.o
LOAD Lvgl\src\lv_font\lv_font_montserrat_12_subpx.o
LOAD Lvgl\src\lv_font\lv_font_montserrat_14.o
LOAD Lvgl\src\lv_font\lv_font_montserrat_16.o
LOAD Lvgl\src\lv_font\lv_font_montserrat_18.o
LOAD Lvgl\src\lv_font\lv_font_montserrat_20.o
LOAD Lvgl\src\lv_font\lv_font_montserrat_22.o
LOAD Lvgl\src\lv_font\lv_font_montserrat_24.o
LOAD Lvgl\src\lv_font\lv_font_montserrat_26.o
LOAD Lvgl\src\lv_font\lv_font_montserrat_28.o
LOAD Lvgl\src\lv_font\lv_font_montserrat_28_compressed.o
LOAD Lvgl\src\lv_font\lv_font_montserrat_30.o
LOAD Lvgl\src\lv_font\lv_font_montserrat_32.o
LOAD Lvgl\src\lv_font\lv_font_montserrat_34.o
LOAD Lvgl\src\lv_font\lv_font_montserrat_36.o
LOAD Lvgl\src\lv_font\lv_font_montserrat_38.o
LOAD Lvgl\src\lv_font\lv_font_montserrat_40.o
LOAD Lvgl\src\lv_font\lv_font_montserrat_42.o
LOAD Lvgl\src\lv_font\lv_font_montserrat_44.o
LOAD Lvgl\src\lv_font\lv_font_montserrat_46.o
LOAD Lvgl\src\lv_font\lv_font_montserrat_48.o
LOAD Lvgl\src\lv_font\lv_font_montserrat_8.o
LOAD Lvgl\src\lv_font\lv_font_simsun_16_cjk.o
LOAD Lvgl\src\lv_font\lv_font_unscii_16.o
LOAD Lvgl\src\lv_font\lv_font_unscii_8.o
LOAD Lvgl\src\lv_gpu\lv_gpu_nxp_pxp.o
LOAD Lvgl\src\lv_gpu\lv_gpu_nxp_pxp_osa.o
LOAD Lvgl\src\lv_gpu\lv_gpu_nxp_vglite.o
LOAD Lvgl\src\lv_gpu\lv_gpu_stm32_dma2d.o
LOAD Lvgl\src\lv_hal\lv_hal_disp.o
LOAD Lvgl\src\lv_hal\lv_hal_indev.o
LOAD Lvgl\src\lv_hal\lv_hal_tick.o
LOAD Lvgl\src\lv_misc\lv_anim.o
LOAD Lvgl\src\lv_misc\lv_area.o
LOAD Lvgl\src\lv_misc\lv_async.o
LOAD Lvgl\src\lv_misc\lv_bidi.o
LOAD Lvgl\src\lv_misc\lv_color.o
LOAD Lvgl\src\lv_misc\lv_debug.o
LOAD Lvgl\src\lv_misc\lv_fs.o
LOAD Lvgl\src\lv_misc\lv_gc.o
LOAD Lvgl\src\lv_misc\lv_ll.o
LOAD Lvgl\src\lv_misc\lv_log.o
LOAD Lvgl\src\lv_misc\lv_math.o
LOAD Lvgl\src\lv_misc\lv_mem.o
LOAD Lvgl\src\lv_misc\lv_printf.o
LOAD Lvgl\src\lv_misc\lv_task.o
LOAD Lvgl\src\lv_misc\lv_templ.o
LOAD Lvgl\src\lv_misc\lv_txt.o
LOAD Lvgl\src\lv_misc\lv_txt_ap.o
LOAD Lvgl\src\lv_misc\lv_utils.o
LOAD Lvgl\src\lv_themes\lv_theme.o
LOAD Lvgl\src\lv_themes\lv_theme_empty.o
LOAD Lvgl\src\lv_themes\lv_theme_material.o
LOAD Lvgl\src\lv_themes\lv_theme_mono.o
LOAD Lvgl\src\lv_themes\lv_theme_template.o
LOAD Lvgl\src\lv_widgets\lv_arc.o
LOAD Lvgl\src\lv_widgets\lv_bar.o
LOAD Lvgl\src\lv_widgets\lv_btn.o
LOAD Lvgl\src\lv_widgets\lv_btnmatrix.o
LOAD Lvgl\src\lv_widgets\lv_calendar.o
LOAD Lvgl\src\lv_widgets\lv_canvas.o
LOAD Lvgl\src\lv_widgets\lv_chart.o
LOAD Lvgl\src\lv_widgets\lv_checkbox.o
LOAD Lvgl\src\lv_widgets\lv_cont.o
LOAD Lvgl\src\lv_widgets\lv_cpicker.o
LOAD Lvgl\src\lv_widgets\lv_dropdown.o
LOAD Lvgl\src\lv_widgets\lv_gauge.o
LOAD Lvgl\src\lv_widgets\lv_img.o
LOAD Lvgl\src\lv_widgets\lv_imgbtn.o
LOAD Lvgl\src\lv_widgets\lv_keyboard.o
LOAD Lvgl\src\lv_widgets\lv_label.o
LOAD Lvgl\src\lv_widgets\lv_led.o
LOAD Lvgl\src\lv_widgets\lv_line.o
LOAD Lvgl\src\lv_widgets\lv_linemeter.o
LOAD Lvgl\src\lv_widgets\lv_list.o
LOAD Lvgl\src\lv_widgets\lv_msgbox.o
LOAD Lvgl\src\lv_widgets\lv_objmask.o
LOAD Lvgl\src\lv_widgets\lv_objx_templ.o
LOAD Lvgl\src\lv_widgets\lv_page.o
LOAD Lvgl\src\lv_widgets\lv_roller.o
LOAD Lvgl\src\lv_widgets\lv_slider.o
LOAD Lvgl\src\lv_widgets\lv_spinbox.o
LOAD Lvgl\src\lv_widgets\lv_spinner.o
LOAD Lvgl\src\lv_widgets\lv_switch.o
LOAD Lvgl\src\lv_widgets\lv_table.o
LOAD Lvgl\src\lv_widgets\lv_tabview.o
LOAD Lvgl\src\lv_widgets\lv_textarea.o
LOAD Lvgl\src\lv_widgets\lv_tileview.o
LOAD Lvgl\src\lv_widgets\lv_win.o
LOAD Middlewares\Third_Party\FatFs\src\diskio.o
LOAD Middlewares\Third_Party\FatFs\src\drivers\sd_diskio.o
LOAD Middlewares\Third_Party\FatFs\src\ff.o
LOAD Middlewares\Third_Party\FatFs\src\ff_gen_drv.o
LOAD Middlewares\Third_Party\FatFs\src\option\syscall.o
LOAD Middlewares\Third_Party\FreeRTOS\Source\CMSIS_RTOS\cmsis_os.o
LOAD Middlewares\Third_Party\FreeRTOS\Source\croutine.o
LOAD Middlewares\Third_Party\FreeRTOS\Source\event_groups.o
LOAD Middlewares\Third_Party\FreeRTOS\Source\list.o
LOAD Middlewares\Third_Party\FreeRTOS\Source\portable\GCC\ARM_CM3\port.o
LOAD Middlewares\Third_Party\FreeRTOS\Source\portable\MemMang\heap_4.o
LOAD Middlewares\Third_Party\FreeRTOS\Source\queue.o
LOAD Middlewares\Third_Party\FreeRTOS\Source\tasks.o
LOAD Middlewares\Third_Party\FreeRTOS\Source\timers.o
LOAD Src\delay.o
LOAD Src\fatfs.o
LOAD Src\freertos.o
LOAD Src\main.o
LOAD Src\stm32f1xx_hal_msp.o
LOAD Src\stm32f1xx_hal_timebase_tim.o
LOAD Src\stm32f1xx_it.o
LOAD Src\syscalls.o
LOAD Src\system_stm32f1xx.o
LOAD startup\startup_stm32f103xe.o
                0x00000080                malloc_getpagesize_P = 0x80
START GROUP
LOAD c:/program files (x86)/atollic/truestudio for stm32 9.3.0/armtools/bin/../lib/gcc/arm-atollic-eabi/6.3.1/../../../../arm-atollic-eabi/lib/armv7-m\libc_nano.a
LOAD c:/program files (x86)/atollic/truestudio for stm32 9.3.0/armtools/bin/../lib/gcc/arm-atollic-eabi/6.3.1/../../../../arm-atollic-eabi/lib/armv7-m\libm.a
END GROUP
START GROUP
LOAD c:/program files (x86)/atollic/truestudio for stm32 9.3.0/armtools/bin/../lib/gcc/arm-atollic-eabi/6.3.1/armv7-m\libgcc.a
LOAD c:/program files (x86)/atollic/truestudio for stm32 9.3.0/armtools/bin/../lib/gcc/arm-atollic-eabi/6.3.1/../../../../arm-atollic-eabi/lib/armv7-m\libc_nano.a
END GROUP
START GROUP
LOAD c:/program files (x86)/atollic/truestudio for stm32 9.3.0/armtools/bin/../lib/gcc/arm-atollic-eabi/6.3.1/armv7-m\libgcc.a
LOAD c:/program files (x86)/atollic/truestudio for stm32 9.3.0/armtools/bin/../lib/gcc/arm-atollic-eabi/6.3.1/../../../../arm-atollic-eabi/lib/armv7-m\libc_nano.a
LOAD c:/program files (x86)/atollic/truestudio for stm32 9.3.0/armtools/bin/../lib/gcc/arm-atollic-eabi/6.3.1/../../../../arm-atollic-eabi/lib/armv7-m\libnosys.a
END GROUP
START GROUP
LOAD c:/program files (x86)/atollic/truestudio for stm32 9.3.0/armtools/bin/../lib/gcc/arm-atollic-eabi/6.3.1/armv7-m\libgcc.a
LOAD c:/program files (x86)/atollic/truestudio for stm32 9.3.0/armtools/bin/../lib/gcc/arm-atollic-eabi/6.3.1/../../../../arm-atollic-eabi/lib/armv7-m\libc_nano.a
LOAD c:/program files (x86)/atollic/truestudio for stm32 9.3.0/armtools/bin/../lib/gcc/arm-atollic-eabi/6.3.1/../../../../arm-atollic-eabi/lib/armv7-m\libnosys.a
END GROUP
LOAD c:/program files (x86)/atollic/truestudio for stm32 9.3.0/armtools/bin/../lib/gcc/arm-atollic-eabi/6.3.1/armv7-m/crtend.o
LOAD c:/program files (x86)/atollic/truestudio for stm32 9.3.0/armtools/bin/../lib/gcc/arm-atollic-eabi/6.3.1/armv7-m/crtn.o
                0x20010000                _estack = 0x20010000
                0x00000000                _Min_Heap_Size = 0x0
                0x00000200                _Min_Stack_Size = 0x200

.isr_vector     0x08000000      0x1e4
                0x08000000                . = ALIGN (0x4)
 *(.isr_vector)
 .isr_vector    0x08000000      0x1e4 startup\startup_stm32f103xe.o
                0x08000000                g_pfnVectors
                0x080001e4                . = ALIGN (0x4)

.text           0x080001f0    0x319f8
                0x080001f0                . = ALIGN (0x4)
 *(.text)
 .text          0x080001f0       0x40 c:/program files (x86)/atollic/truestudio for stm32 9.3.0/armtools/bin/../lib/gcc/arm-atollic-eabi/6.3.1/armv7-m/crtbegin.o
 .text          0x08000230       0x14 c:/program files (x86)/atollic/truestudio for stm32 9.3.0/armtools/bin/../lib/gcc/arm-atollic-eabi/6.3.1/../../../../arm-atollic-eabi/lib/armv7-m\libc_nano.a(lib_a-strcmp.o)
                0x08000230                strcmp
 .text          0x08000244       0x10 c:/program files (x86)/atollic/truestudio for stm32 9.3.0/armtools/bin/../lib/gcc/arm-atollic-eabi/6.3.1/../../../../arm-atollic-eabi/lib/armv7-m\libc_nano.a(lib_a-strlen.o)
                0x08000244                strlen
 .text          0x08000254       0x30 c:/program files (x86)/atollic/truestudio for stm32 9.3.0/armtools/bin/../lib/gcc/arm-atollic-eabi/6.3.1/armv7-m\libgcc.a(_aeabi_uldivmod.o)
                0x08000254                __aeabi_uldivmod
 .text          0x08000284      0x2dc c:/program files (x86)/atollic/truestudio for stm32 9.3.0/armtools/bin/../lib/gcc/arm-atollic-eabi/6.3.1/armv7-m\libgcc.a(_udivmoddi4.o)
                0x08000284                __udivmoddi4
 .text          0x08000560        0x4 c:/program files (x86)/atollic/truestudio for stm32 9.3.0/armtools/bin/../lib/gcc/arm-atollic-eabi/6.3.1/armv7-m\libgcc.a(_dvmd_tls.o)
                0x08000560                __aeabi_idiv0
                0x08000560                __aeabi_ldiv0
 *(.text*)
 .text.HAL_Init
                0x08000564       0x24 Drivers\STM32F1xx_HAL_Driver\Src\stm32f1xx_hal.o
                0x08000564                HAL_Init
 .text.HAL_IncTick
                0x08000588       0x18 Drivers\STM32F1xx_HAL_Driver\Src\stm32f1xx_hal.o
                0x08000588                HAL_IncTick
 .text.HAL_GetTick
                0x080005a0        0xc Drivers\STM32F1xx_HAL_Driver\Src\stm32f1xx_hal.o
                0x080005a0                HAL_GetTick
 .text.HAL_Delay
                0x080005ac       0x28 Drivers\STM32F1xx_HAL_Driver\Src\stm32f1xx_hal.o
                0x080005ac                HAL_Delay
 .text.HAL_NVIC_SetPriorityGrouping
                0x080005d4       0x24 Drivers\STM32F1xx_HAL_Driver\Src\stm32f1xx_hal_cortex.o
                0x080005d4                HAL_NVIC_SetPriorityGrouping
 .text.HAL_NVIC_SetPriority
                0x080005f8       0x64 Drivers\STM32F1xx_HAL_Driver\Src\stm32f1xx_hal_cortex.o
                0x080005f8                HAL_NVIC_SetPriority
 .text.HAL_NVIC_EnableIRQ
                0x0800065c       0x18 Drivers\STM32F1xx_HAL_Driver\Src\stm32f1xx_hal_cortex.o
                0x0800065c                HAL_NVIC_EnableIRQ
 .text.HAL_CRC_Init
                0x08000674       0x1e Drivers\STM32F1xx_HAL_Driver\Src\stm32f1xx_hal_crc.o
                0x08000674                HAL_CRC_Init
 *fill*         0x08000692        0x2 
 .text.HAL_GPIO_Init
                0x08000694      0x1fc Drivers\STM32F1xx_HAL_Driver\Src\stm32f1xx_hal_gpio.o
                0x08000694                HAL_GPIO_Init
 .text.HAL_GPIO_ReadPin
                0x08000890        0xe Drivers\STM32F1xx_HAL_Driver\Src\stm32f1xx_hal_gpio.o
                0x08000890                HAL_GPIO_ReadPin
 .text.HAL_GPIO_WritePin
                0x0800089e        0xc Drivers\STM32F1xx_HAL_Driver\Src\stm32f1xx_hal_gpio.o
                0x0800089e                HAL_GPIO_WritePin
 *fill*         0x080008aa        0x2 
 .text.RCC_Delay
                0x080008ac       0x2c Drivers\STM32F1xx_HAL_Driver\Src\stm32f1xx_hal_rcc.o
 .text.HAL_RCC_OscConfig
                0x080008d8      0x3e0 Drivers\STM32F1xx_HAL_Driver\Src\stm32f1xx_hal_rcc.o
                0x080008d8                HAL_RCC_OscConfig
 .text.HAL_RCC_GetSysClockFreq
                0x08000cb8       0x6c Drivers\STM32F1xx_HAL_Driver\Src\stm32f1xx_hal_rcc.o
                0x08000cb8                HAL_RCC_GetSysClockFreq
 .text.HAL_RCC_ClockConfig
                0x08000d24      0x19c Drivers\STM32F1xx_HAL_Driver\Src\stm32f1xx_hal_rcc.o
                0x08000d24                HAL_RCC_ClockConfig
 .text.HAL_RCC_GetHCLKFreq
                0x08000ec0        0xc Drivers\STM32F1xx_HAL_Driver\Src\stm32f1xx_hal_rcc.o
                0x08000ec0                HAL_RCC_GetHCLKFreq
 .text.HAL_RCC_GetPCLK2Freq
                0x08000ecc       0x20 Drivers\STM32F1xx_HAL_Driver\Src\stm32f1xx_hal_rcc.o
                0x08000ecc                HAL_RCC_GetPCLK2Freq
 .text.HAL_RCC_GetClockConfig
                0x08000eec       0x3c Drivers\STM32F1xx_HAL_Driver\Src\stm32f1xx_hal_rcc.o
                0x08000eec                HAL_RCC_GetClockConfig
 .text.HAL_SRAM_Init
                0x08000f28       0x52 Drivers\STM32F1xx_HAL_Driver\Src\stm32f1xx_hal_sram.o
                0x08000f28                HAL_SRAM_Init
 *fill*         0x08000f7a        0x2 
 .text.TIM_OC1_SetConfig
                0x08000f7c       0x6c Drivers\STM32F1xx_HAL_Driver\Src\stm32f1xx_hal_tim.o
 .text.TIM_OC3_SetConfig
                0x08000fe8       0x74 Drivers\STM32F1xx_HAL_Driver\Src\stm32f1xx_hal_tim.o
 .text.TIM_OC4_SetConfig
                0x0800105c       0x50 Drivers\STM32F1xx_HAL_Driver\Src\stm32f1xx_hal_tim.o
 .text.HAL_TIM_Base_Start_IT
                0x080010ac       0x18 Drivers\STM32F1xx_HAL_Driver\Src\stm32f1xx_hal_tim.o
                0x080010ac                HAL_TIM_Base_Start_IT
 .text.HAL_TIM_PWM_MspInit
                0x080010c4        0x2 Drivers\STM32F1xx_HAL_Driver\Src\stm32f1xx_hal_tim.o
                0x080010c4                HAL_TIM_PWM_MspInit
 .text.HAL_TIM_OC_DelayElapsedCallback
                0x080010c6        0x2 Drivers\STM32F1xx_HAL_Driver\Src\stm32f1xx_hal_tim.o
                0x080010c6                HAL_TIM_OC_DelayElapsedCallback
 .text.HAL_TIM_IC_CaptureCallback
                0x080010c8        0x2 Drivers\STM32F1xx_HAL_Driver\Src\stm32f1xx_hal_tim.o
                0x080010c8                HAL_TIM_IC_CaptureCallback
 .text.HAL_TIM_PWM_PulseFinishedCallback
                0x080010ca        0x2 Drivers\STM32F1xx_HAL_Driver\Src\stm32f1xx_hal_tim.o
                0x080010ca                HAL_TIM_PWM_PulseFinishedCallback
 .text.HAL_TIM_TriggerCallback
                0x080010cc        0x2 Drivers\STM32F1xx_HAL_Driver\Src\stm32f1xx_hal_tim.o
                0x080010cc                HAL_TIM_TriggerCallback
 .text.HAL_TIM_IRQHandler
                0x080010ce      0x17a Drivers\STM32F1xx_HAL_Driver\Src\stm32f1xx_hal_tim.o
                0x080010ce                HAL_TIM_IRQHandler
 .text.TIM_Base_SetConfig
                0x08001248       0x9c Drivers\STM32F1xx_HAL_Driver\Src\stm32f1xx_hal_tim.o
                0x08001248                TIM_Base_SetConfig
 .text.HAL_TIM_Base_Init
                0x080012e4       0x32 Drivers\STM32F1xx_HAL_Driver\Src\stm32f1xx_hal_tim.o
                0x080012e4                HAL_TIM_Base_Init
 .text.HAL_TIM_PWM_Init
                0x08001316       0x32 Drivers\STM32F1xx_HAL_Driver\Src\stm32f1xx_hal_tim.o
                0x08001316                HAL_TIM_PWM_Init
 .text.TIM_OC2_SetConfig
                0x08001348       0x74 Drivers\STM32F1xx_HAL_Driver\Src\stm32f1xx_hal_tim.o
                0x08001348                TIM_OC2_SetConfig
 .text.HAL_TIM_PWM_ConfigChannel
                0x080013bc       0xdc Drivers\STM32F1xx_HAL_Driver\Src\stm32f1xx_hal_tim.o
                0x080013bc                HAL_TIM_PWM_ConfigChannel
 .text.TIM_CCxChannelCmd
                0x08001498       0x1c Drivers\STM32F1xx_HAL_Driver\Src\stm32f1xx_hal_tim.o
                0x08001498                TIM_CCxChannelCmd
 .text.HAL_TIM_PWM_Start
                0x080014b4       0x44 Drivers\STM32F1xx_HAL_Driver\Src\stm32f1xx_hal_tim.o
                0x080014b4                HAL_TIM_PWM_Start
 .text.HAL_TIMEx_MasterConfigSynchronization
                0x080014f8       0x52 Drivers\STM32F1xx_HAL_Driver\Src\stm32f1xx_hal_tim_ex.o
                0x080014f8                HAL_TIMEx_MasterConfigSynchronization
 .text.HAL_TIMEx_CommutationCallback
                0x0800154a        0x2 Drivers\STM32F1xx_HAL_Driver\Src\stm32f1xx_hal_tim_ex.o
                0x0800154a                HAL_TIMEx_CommutationCallback
 .text.HAL_TIMEx_BreakCallback
                0x0800154c        0x2 Drivers\STM32F1xx_HAL_Driver\Src\stm32f1xx_hal_tim_ex.o
                0x0800154c                HAL_TIMEx_BreakCallback
 *fill*         0x0800154e        0x2 
 .text.LL_DMA_DeInit
                0x08001550      0x14c Drivers\STM32F1xx_HAL_Driver\Src\stm32f1xx_ll_dma.o
                0x08001550                LL_DMA_DeInit
 .text.LL_DMA_Init
                0x0800169c       0x50 Drivers\STM32F1xx_HAL_Driver\Src\stm32f1xx_ll_dma.o
                0x0800169c                LL_DMA_Init
 .text.FSMC_NORSRAM_Init
                0x080016ec       0xa0 Drivers\STM32F1xx_HAL_Driver\Src\stm32f1xx_ll_fsmc.o
                0x080016ec                FSMC_NORSRAM_Init
 .text.FSMC_NORSRAM_Timing_Init
                0x0800178c       0x40 Drivers\STM32F1xx_HAL_Driver\Src\stm32f1xx_ll_fsmc.o
                0x0800178c                FSMC_NORSRAM_Timing_Init
 .text.FSMC_NORSRAM_Extended_Timing_Init
                0x080017cc       0x44 Drivers\STM32F1xx_HAL_Driver\Src\stm32f1xx_ll_fsmc.o
                0x080017cc                FSMC_NORSRAM_Extended_Timing_Init
 .text.SDIO_SendCommand
                0x08001810       0x24 Drivers\STM32F1xx_HAL_Driver\Src\stm32f1xx_ll_sdmmc.o
                0x08001810                SDIO_SendCommand
 .text.LCD_WR_REG
                0x08001834        0x8 HARDWARE\HX8368\LCD_DRV.o
                0x08001834                LCD_WR_REG
 .text.LCD_WR_DATA
                0x0800183c        0xc HARDWARE\HX8368\LCD_DRV.o
                0x0800183c                LCD_WR_DATA
 .text.LCDPara_Init
                0x08001848       0x2c HARDWARE\HX8368\LCD_DRV.o
                0x08001848                LCDPara_Init
 .text.LCD_RD_data
                0x08001874        0xc HARDWARE\HX8368\LCD_DRV.o
                0x08001874                LCD_RD_data
 .text.LCD_SetCursor
                0x08001880       0x38 HARDWARE\HX8368\LCD_DRV.o
                0x08001880                LCD_SetCursor
 .text.LCD_DMA_FILL
                0x080018b8       0xb8 HARDWARE\HX8368\LCD_DRV.o
                0x080018b8                LCD_DMA_FILL
 .text.TFTLCD_Init
                0x08001970      0x2b2 HARDWARE\HX8368\LCD_DRV.o
                0x08001970                TFTLCD_Init
 *fill*         0x08001c22        0x2 
 .text.KeyScan_KeyMonitor
                0x08001c24       0xc8 HARDWARE\KEY\KeyScan.o
 .text.KeyScan_KeyMessage
                0x08001cec       0x10 HARDWARE\KEY\KeyScan.o
                0x08001cec                KeyScan_KeyMessage
 .text.CmdResp1Error
                0x08001cfc       0x50 HARDWARE\Sdio\sdio_sdcard.o
                0x08001cfc                CmdResp1Error
 .text.SD_ProcessIRQSrc
                0x08001d4c      0x134 HARDWARE\Sdio\sdio_sdcard.o
                0x08001d4c                SD_ProcessIRQSrc
 .text.Phy_UsartGetIdleRxBuf
                0x08001e80       0x38 HARDWARE\Uart\Phy_Uart.o
 .text.Phy_UART_Transmit_IT
                0x08001eb8       0x42 HARDWARE\Uart\Phy_Uart.o
 .text.Phy_UART_EndTransmit_IT
                0x08001efa       0x12 HARDWARE\Uart\Phy_Uart.o
 .text.Phy_UART_Receive_IT
                0x08001f0c       0x3a HARDWARE\Uart\Phy_Uart.o
 .text.Phy_UART_EndRxTransfer
                0x08001f46       0x1c HARDWARE\Uart\Phy_Uart.o
 .text.Phy_UART_Start_Receive_IT
                0x08001f62       0x74 HARDWARE\Uart\Phy_Uart.o
                0x08001f62                Phy_UART_Start_Receive_IT
 *fill*         0x08001fd6        0x2 
 .text.Phy_UsartFrameEndDeal
                0x08001fd8       0xf0 HARDWARE\Uart\Phy_Uart.o
 .text.Phy_UART_IRQHandler
                0x080020c8       0xd2 HARDWARE\Uart\Phy_Uart.o
                0x080020c8                Phy_UART_IRQHandler
 *fill*         0x0800219a        0x2 
 .text.Phy_TIM2_IRQHandler
                0x0800219c       0x30 HARDWARE\Uart\Phy_Uart.o
                0x0800219c                Phy_TIM2_IRQHandler
 .text.auto_del
                0x080021cc       0x2c Lvgl\Demo\src\lv_demo_stress\lv_demo_stress.o
 .text.obj_test_task_cb
                0x080021f8      0xac4 Lvgl\Demo\src\lv_demo_stress\lv_demo_stress.o
 .text.lv_demo_stress
                0x08002cbc       0x5c Lvgl\Demo\src\lv_demo_stress\lv_demo_stress.o
                0x08002cbc                lv_demo_stress
 .text.disp_flush
                0x08002d18       0x54 Lvgl\lv_drivers\lv_port_disp.o
 .text.disp_init
                0x08002d6c        0xc Lvgl\lv_drivers\lv_port_disp.o
 .text.lv_port_disp_init
                0x08002d78       0x4c Lvgl\lv_drivers\lv_port_disp.o
                0x08002d78                lv_port_disp_init
 .text.lv_disp_get_scr_act
                0x08002dc4       0x18 Lvgl\src\lv_core\lv_disp.o
                0x08002dc4                lv_disp_get_scr_act
 .text.lv_disp_get_scr_prev
                0x08002ddc       0x18 Lvgl\src\lv_core\lv_disp.o
                0x08002ddc                lv_disp_get_scr_prev
 .text.lv_disp_get_layer_top
                0x08002df4       0x18 Lvgl\src\lv_core\lv_disp.o
                0x08002df4                lv_disp_get_layer_top
 .text.lv_disp_get_layer_sys
                0x08002e0c       0x18 Lvgl\src\lv_core\lv_disp.o
                0x08002e0c                lv_disp_get_layer_sys
 .text.obj_to_foreground
                0x08002e24       0x24 Lvgl\src\lv_core\lv_group.o
 .text.focus_next_core
                0x08002e48       0xd0 Lvgl\src\lv_core\lv_group.o
 .text._lv_group_init
                0x08002f18       0x10 Lvgl\src\lv_core\lv_group.o
                0x08002f18                _lv_group_init
 .text.lv_group_focus_next
                0x08002f28       0x14 Lvgl\src\lv_core\lv_group.o
                0x08002f28                lv_group_focus_next
 .text.lv_group_focus_prev
                0x08002f3c       0x14 Lvgl\src\lv_core\lv_group.o
                0x08002f3c                lv_group_focus_prev
 .text.lv_group_refocus
                0x08002f50       0x2a Lvgl\src\lv_core\lv_group.o
 *fill*         0x08002f7a        0x2 
 .text.lv_group_add_obj
                0x08002f7c       0x6c Lvgl\src\lv_core\lv_group.o
                0x08002f7c                lv_group_add_obj
 .text.lv_group_remove_obj
                0x08002fe8       0x90 Lvgl\src\lv_core\lv_group.o
                0x08002fe8                lv_group_remove_obj
 .text.lv_group_get_focused
                0x08003078       0x12 Lvgl\src\lv_core\lv_group.o
                0x08003078                lv_group_get_focused
 .text.lv_group_set_editing
                0x0800308a       0x44 Lvgl\src\lv_core\lv_group.o
                0x0800308a                lv_group_set_editing
 .text.lv_group_focus_obj
                0x080030ce       0xa4 Lvgl\src\lv_core\lv_group.o
                0x080030ce                lv_group_focus_obj
 .text.lv_group_get_editing
                0x08003172        0xe Lvgl\src\lv_core\lv_group.o
                0x08003172                lv_group_get_editing
 .text.get_dragged_obj
                0x08003180       0x20 Lvgl\src\lv_core\lv_indev.o
 .text.lv_indev_get_act
                0x080031a0        0xc Lvgl\src\lv_core\lv_indev.o
                0x080031a0                lv_indev_get_act
 .text.lv_indev_get_type
                0x080031ac        0xa Lvgl\src\lv_core\lv_indev.o
                0x080031ac                lv_indev_get_type
 *fill*         0x080031b6        0x2 
 .text.lv_indev_reset
                0x080031b8       0x78 Lvgl\src\lv_core\lv_indev.o
                0x080031b8                lv_indev_reset
 .text._lv_indev_init
                0x08003230        0xc Lvgl\src\lv_core\lv_indev.o
                0x08003230                _lv_indev_init
 .text.lv_indev_reset_long_press
                0x0800323c       0x1e Lvgl\src\lv_core\lv_indev.o
                0x0800323c                lv_indev_reset_long_press
 .text.lv_indev_get_point
                0x0800325a       0x2e Lvgl\src\lv_core\lv_indev.o
                0x0800325a                lv_indev_get_point
 .text.lv_indev_is_dragging
                0x08003288       0x20 Lvgl\src\lv_core\lv_indev.o
                0x08003288                lv_indev_is_dragging
 .text.lv_indev_get_vect
                0x080032a8       0x2c Lvgl\src\lv_core\lv_indev.o
                0x080032a8                lv_indev_get_vect
 .text.lv_indev_finish_drag
                0x080032d4       0x5a Lvgl\src\lv_core\lv_indev.o
                0x080032d4                lv_indev_finish_drag
 .text.lv_indev_wait_release
                0x0800332e       0x10 Lvgl\src\lv_core\lv_indev.o
                0x0800332e                lv_indev_wait_release
 *fill*         0x0800333e        0x2 
 .text.lv_indev_get_obj_act
                0x08003340        0xc Lvgl\src\lv_core\lv_indev.o
                0x08003340                lv_indev_get_obj_act
 .text.lv_event_mark_deleted
                0x0800334c       0x1c Lvgl\src\lv_core\lv_obj.o
 .text.style_prop_is_cacheble
                0x08003368       0xa4 Lvgl\src\lv_core\lv_obj.o
 .text.refresh_children_position
                0x0800340c       0x48 Lvgl\src\lv_core\lv_obj.o
 .text.style_snapshot_compare
                0x08003454      0x15e Lvgl\src\lv_core\lv_obj.o
 *fill*         0x080035b2        0x2 
 .text.lv_init  0x080035b4       0xa8 Lvgl\src\lv_core\lv_obj.o
                0x080035b4                lv_init
 .text.lv_obj_del_async
                0x0800365c       0x28 Lvgl\src\lv_core\lv_obj.o
                0x0800365c                lv_obj_del_async
 .text.lv_obj_set_ext_click_area
                0x08003684       0x3c Lvgl\src\lv_core\lv_obj.o
                0x08003684                lv_obj_set_ext_click_area
 .text.lv_obj_set_adv_hittest
                0x080036c0       0x34 Lvgl\src\lv_core\lv_obj.o
                0x080036c0                lv_obj_set_adv_hittest
 .text.lv_obj_set_click
                0x080036f4       0x2c Lvgl\src\lv_core\lv_obj.o
                0x080036f4                lv_obj_set_click
 .text.lv_obj_set_drag
                0x08003720       0x34 Lvgl\src\lv_core\lv_obj.o
                0x08003720                lv_obj_set_drag
 .text.lv_obj_set_drag_dir
                0x08003754       0x38 Lvgl\src\lv_core\lv_obj.o
                0x08003754                lv_obj_set_drag_dir
 .text.lv_obj_set_drag_throw
                0x0800378c       0x2c Lvgl\src\lv_core\lv_obj.o
                0x0800378c                lv_obj_set_drag_throw
 .text.lv_obj_set_drag_parent
                0x080037b8       0x2c Lvgl\src\lv_core\lv_obj.o
                0x080037b8                lv_obj_set_drag_parent
 .text.lv_obj_add_protect
                0x080037e4       0x28 Lvgl\src\lv_core\lv_obj.o
                0x080037e4                lv_obj_add_protect
 .text.lv_obj_clear_protect
                0x0800380c       0x2c Lvgl\src\lv_core\lv_obj.o
                0x0800380c                lv_obj_clear_protect
 .text.lv_obj_set_event_cb
                0x08003838       0x20 Lvgl\src\lv_core\lv_obj.o
                0x08003838                lv_obj_set_event_cb
 .text.lv_event_send_func
                0x08003858       0xb0 Lvgl\src\lv_core\lv_obj.o
                0x08003858                lv_event_send_func
 .text.lv_event_send
                0x08003908       0x34 Lvgl\src\lv_core\lv_obj.o
                0x08003908                lv_event_send
 .text.lv_event_get_data
                0x0800393c        0xc Lvgl\src\lv_core\lv_obj.o
                0x0800393c                lv_event_get_data
 .text.lv_obj_set_signal_cb
                0x08003948       0x20 Lvgl\src\lv_core\lv_obj.o
                0x08003948                lv_obj_set_signal_cb
 .text.lv_signal_send
                0x08003968       0x14 Lvgl\src\lv_core\lv_obj.o
                0x08003968                lv_signal_send
 .text.lv_obj_set_design_cb
                0x0800397c       0x20 Lvgl\src\lv_core\lv_obj.o
                0x0800397c                lv_obj_set_design_cb
 .text.lv_obj_allocate_ext_attr
                0x0800399c       0x30 Lvgl\src\lv_core\lv_obj.o
                0x0800399c                lv_obj_allocate_ext_attr
 .text.lv_obj_refresh_ext_draw_pad
                0x080039cc       0x28 Lvgl\src\lv_core\lv_obj.o
                0x080039cc                lv_obj_refresh_ext_draw_pad
 .text.lv_obj_get_parent
                0x080039f4       0x20 Lvgl\src\lv_core\lv_obj.o
                0x080039f4                lv_obj_get_parent
 .text.lv_obj_get_screen
                0x08003a14       0x2c Lvgl\src\lv_core\lv_obj.o
                0x08003a14                lv_obj_get_screen
 .text.lv_obj_get_disp
                0x08003a40       0x60 Lvgl\src\lv_core\lv_obj.o
                0x08003a40                lv_obj_get_disp
 .text.lv_obj_get_child
                0x08003aa0       0x30 Lvgl\src\lv_core\lv_obj.o
                0x08003aa0                lv_obj_get_child
 .text.base_dir_refr_children
                0x08003ad0       0x3a Lvgl\src\lv_core\lv_obj.o
 .text.lv_obj_set_base_dir
                0x08003b0a       0x26 Lvgl\src\lv_core\lv_obj.o
                0x08003b0a                lv_obj_set_base_dir
 .text.lv_obj_get_child_back
                0x08003b30       0x30 Lvgl\src\lv_core\lv_obj.o
                0x08003b30                lv_obj_get_child_back
 .text.lv_obj_get_coords
                0x08003b60       0x38 Lvgl\src\lv_core\lv_obj.o
                0x08003b60                lv_obj_get_coords
 .text.lv_obj_get_x
                0x08003b98       0x34 Lvgl\src\lv_core\lv_obj.o
                0x08003b98                lv_obj_get_x
 .text.lv_obj_get_y
                0x08003bcc       0x34 Lvgl\src\lv_core\lv_obj.o
                0x08003bcc                lv_obj_get_y
 .text.lv_obj_get_width
                0x08003c00       0x28 Lvgl\src\lv_core\lv_obj.o
                0x08003c00                lv_obj_get_width
 .text.lv_obj_get_height
                0x08003c28       0x28 Lvgl\src\lv_core\lv_obj.o
                0x08003c28                lv_obj_get_height
 .text.lv_obj_get_auto_realign
                0x08003c50       0x24 Lvgl\src\lv_core\lv_obj.o
                0x08003c50                lv_obj_get_auto_realign
 .text.lv_obj_get_style_list
                0x08003c74       0x2a Lvgl\src\lv_core\lv_obj.o
                0x08003c74                lv_obj_get_style_list
 *fill*         0x08003c9e        0x2 
 .text.trans_del
                0x08003ca0       0x78 Lvgl\src\lv_core\lv_obj.o
 .text.lv_obj_clean_style_list
                0x08003d18       0x1e Lvgl\src\lv_core\lv_obj.o
                0x08003d18                lv_obj_clean_style_list
 .text._lv_obj_disable_style_caching
                0x08003d36       0x44 Lvgl\src\lv_core\lv_obj.o
                0x08003d36                _lv_obj_disable_style_caching
 *fill*         0x08003d7a        0x2 
 .text.trans_anim_ready_cb
                0x08003d7c       0x64 Lvgl\src\lv_core\lv_obj.o
 .text.lv_obj_get_hidden
                0x08003de0       0x24 Lvgl\src\lv_core\lv_obj.o
                0x08003de0                lv_obj_get_hidden
 .text.lv_obj_area_is_visible
                0x08003e04       0xdc Lvgl\src\lv_core\lv_obj.o
                0x08003e04                lv_obj_area_is_visible
 .text.lv_obj_invalidate_area
                0x08003ee0       0x50 Lvgl\src\lv_core\lv_obj.o
                0x08003ee0                lv_obj_invalidate_area
 .text.lv_obj_invalidate
                0x08003f30       0x70 Lvgl\src\lv_core\lv_obj.o
                0x08003f30                lv_obj_invalidate
 .text.lv_obj_move_foreground
                0x08003fa0       0x54 Lvgl\src\lv_core\lv_obj.o
                0x08003fa0                lv_obj_move_foreground
 .text.lv_obj_set_pos
                0x08003ff4       0xa8 Lvgl\src\lv_core\lv_obj.o
                0x08003ff4                lv_obj_set_pos
 .text.lv_obj_set_x
                0x0800409c       0x30 Lvgl\src\lv_core\lv_obj.o
                0x0800409c                lv_obj_set_x
 .text.lv_obj_set_y
                0x080040cc       0x30 Lvgl\src\lv_core\lv_obj.o
                0x080040cc                lv_obj_set_y
 .text.obj_align_core
                0x080040fc       0x76 Lvgl\src\lv_core\lv_obj.o
 *fill*         0x08004172        0x2 
 .text.lv_obj_align
                0x08004174       0x7c Lvgl\src\lv_core\lv_obj.o
                0x08004174                lv_obj_align
 .text.obj_align_mid_core
                0x080041f0      0x2ec Lvgl\src\lv_core\lv_obj.o
 .text.lv_obj_align_mid
                0x080044dc       0x7c Lvgl\src\lv_core\lv_obj.o
                0x080044dc                lv_obj_align_mid
 .text.lv_obj_realign
                0x08004558       0x58 Lvgl\src\lv_core\lv_obj.o
                0x08004558                lv_obj_realign
 .text.refresh_children_style
                0x080045b0       0x3a Lvgl\src\lv_core\lv_obj.o
 *fill*         0x080045ea        0x2 
 .text.lv_obj_set_hidden
                0x080045ec       0x60 Lvgl\src\lv_core\lv_obj.o
                0x080045ec                lv_obj_set_hidden
 .text.lv_obj_is_visible
                0x0800464c       0x70 Lvgl\src\lv_core\lv_obj.o
                0x0800464c                lv_obj_is_visible
 .text.lv_obj_get_drag_parent
                0x080046bc        0xa Lvgl\src\lv_core\lv_obj.o
                0x080046bc                lv_obj_get_drag_parent
 .text.lv_obj_get_focus_parent
                0x080046c6        0xa Lvgl\src\lv_core\lv_obj.o
                0x080046c6                lv_obj_get_focus_parent
 .text.lv_obj_get_base_dir
                0x080046d0       0x20 Lvgl\src\lv_core\lv_obj.o
                0x080046d0                lv_obj_get_base_dir
 .text.lv_obj_create
                0x080046f0      0x3d8 Lvgl\src\lv_core\lv_obj.o
                0x080046f0                lv_obj_create
 .text.lv_obj_set_parent
                0x08004ac8       0xd8 Lvgl\src\lv_core\lv_obj.o
                0x08004ac8                lv_obj_set_parent
 .text.lv_obj_set_size
                0x08004ba0       0xc8 Lvgl\src\lv_core\lv_obj.o
                0x08004ba0                lv_obj_set_size
 .text.lv_obj_set_width
                0x08004c68       0x30 Lvgl\src\lv_core\lv_obj.o
                0x08004c68                lv_obj_set_width
 .text.lv_obj_set_height
                0x08004c98       0x30 Lvgl\src\lv_core\lv_obj.o
                0x08004c98                lv_obj_set_height
 .text.lv_obj_is_protected
                0x08004cc8       0x2c Lvgl\src\lv_core\lv_obj.o
                0x08004cc8                lv_obj_is_protected
 .text.lv_obj_get_state
                0x08004cf4       0x44 Lvgl\src\lv_core\lv_obj.o
                0x08004cf4                lv_obj_get_state
 .text._lv_obj_get_style_color
                0x08004d38       0x78 Lvgl\src\lv_core\lv_obj.o
                0x08004d38                _lv_obj_get_style_color
 .text._lv_obj_get_style_opa
                0x08004db0       0xf8 Lvgl\src\lv_core\lv_obj.o
                0x08004db0                _lv_obj_get_style_opa
 .text.update_style_cache
                0x08004ea8      0x36c Lvgl\src\lv_core\lv_obj.o
 .text._lv_obj_get_style_ptr
                0x08005214       0xf0 Lvgl\src\lv_core\lv_obj.o
                0x08005214                _lv_obj_get_style_ptr
 .text._lv_obj_get_style_int
                0x08005304      0x228 Lvgl\src\lv_core\lv_obj.o
                0x08005304                _lv_obj_get_style_int
 .text.lv_obj_get_width_fit
                0x0800552c       0x44 Lvgl\src\lv_core\lv_obj.o
                0x0800552c                lv_obj_get_width_fit
 .text.lv_obj_get_height_fit
                0x08005570       0x44 Lvgl\src\lv_core\lv_obj.o
                0x08005570                lv_obj_get_height_fit
 .text.lv_obj_get_inner_coords
                0x080055b4       0x64 Lvgl\src\lv_core\lv_obj.o
                0x080055b4                lv_obj_get_inner_coords
 .text.update_style_cache_children
                0x08005618       0xfc Lvgl\src\lv_core\lv_obj.o
 .text.invalidate_style_cache
                0x08005714       0x6c Lvgl\src\lv_core\lv_obj.o
 .text.lv_obj_refresh_style
                0x08005780       0xe8 Lvgl\src\lv_core\lv_obj.o
                0x08005780                lv_obj_refresh_style
 .text.lv_obj_add_style
                0x08005868       0x30 Lvgl\src\lv_core\lv_obj.o
                0x08005868                lv_obj_add_style
 .text.lv_obj_reset_style_list
                0x08005898       0x16 Lvgl\src\lv_core\lv_obj.o
                0x08005898                lv_obj_reset_style_list
 .text._lv_obj_set_style_local_int
                0x080058ae       0x30 Lvgl\src\lv_core\lv_obj.o
                0x080058ae                _lv_obj_set_style_local_int
 .text._lv_obj_set_style_local_opa
                0x080058de       0x30 Lvgl\src\lv_core\lv_obj.o
                0x080058de                _lv_obj_set_style_local_opa
 .text._lv_obj_set_style_local_ptr
                0x0800590e       0x30 Lvgl\src\lv_core\lv_obj.o
                0x0800590e                _lv_obj_set_style_local_ptr
 .text.report_style_mod_core
                0x0800593e       0x92 Lvgl\src\lv_core\lv_obj.o
 .text.lv_obj_report_style_mod
                0x080059d0       0x3e Lvgl\src\lv_core\lv_obj.o
                0x080059d0                lv_obj_report_style_mod
 .text.trans_anim_cb
                0x08005a0e      0x11e Lvgl\src\lv_core\lv_obj.o
 .text.lv_obj_finish_transitions
                0x08005b2c       0x48 Lvgl\src\lv_core\lv_obj.o
                0x08005b2c                lv_obj_finish_transitions
 .text.trans_anim_start_cb
                0x08005b74       0x60 Lvgl\src\lv_core\lv_obj.o
 .text.trans_create
                0x08005bd4      0x2c4 Lvgl\src\lv_core\lv_obj.o
 .text.lv_obj_get_signal_cb
                0x08005e98       0x20 Lvgl\src\lv_core\lv_obj.o
                0x08005e98                lv_obj_get_signal_cb
 .text.lv_obj_get_design_cb
                0x08005eb8       0x20 Lvgl\src\lv_core\lv_obj.o
                0x08005eb8                lv_obj_get_design_cb
 .text.lv_obj_get_ext_attr
                0x08005ed8       0x20 Lvgl\src\lv_core\lv_obj.o
                0x08005ed8                lv_obj_get_ext_attr
 .text.lv_obj_get_type
                0x08005ef8       0x8c Lvgl\src\lv_core\lv_obj.o
                0x08005ef8                lv_obj_get_type
 .text.lv_obj_get_group
                0x08005f84       0x20 Lvgl\src\lv_core\lv_obj.o
                0x08005f84                lv_obj_get_group
 .text.obj_del_core
                0x08005fa4       0xd6 Lvgl\src\lv_core\lv_obj.o
 *fill*         0x0800607a        0x2 
 .text.lv_obj_del
                0x0800607c       0x64 Lvgl\src\lv_core\lv_obj.o
                0x0800607c                lv_obj_del
 .text.lv_obj_del_anim_ready_cb
                0x080060e0        0xa Lvgl\src\lv_core\lv_obj.o
                0x080060e0                lv_obj_del_anim_ready_cb
 *fill*         0x080060ea        0x2 
 .text.lv_obj_del_async_cb
                0x080060ec       0x24 Lvgl\src\lv_core\lv_obj.o
 .text.lv_obj_clean
                0x08006110       0x38 Lvgl\src\lv_core\lv_obj.o
                0x08006110                lv_obj_clean
 .text.lv_obj_is_focused
                0x08006148       0x34 Lvgl\src\lv_core\lv_obj.o
                0x08006148                lv_obj_is_focused
 .text.lv_obj_is_point_on_coords
                0x0800617c       0x3a Lvgl\src\lv_core\lv_obj.o
                0x0800617c                lv_obj_is_point_on_coords
 .text.lv_obj_handle_get_type_signal
                0x080061b6       0x1a Lvgl\src\lv_core\lv_obj.o
                0x080061b6                lv_obj_handle_get_type_signal
 .text.lv_obj_init_draw_rect_dsc
                0x080061d0      0x334 Lvgl\src\lv_core\lv_obj.o
                0x080061d0                lv_obj_init_draw_rect_dsc
 .text.lv_obj_design
                0x08006504      0x2b6 Lvgl\src\lv_core\lv_obj.o
 .text.lv_obj_init_draw_label_dsc
                0x080067ba       0xc0 Lvgl\src\lv_core\lv_obj.o
                0x080067ba                lv_obj_init_draw_label_dsc
 .text.lv_obj_init_draw_img_dsc
                0x0800687a       0x9c Lvgl\src\lv_core\lv_obj.o
                0x0800687a                lv_obj_init_draw_img_dsc
 .text.lv_obj_init_draw_line_dsc
                0x08006916       0x9e Lvgl\src\lv_core\lv_obj.o
                0x08006916                lv_obj_init_draw_line_dsc
 .text.style_snapshot
                0x080069b4      0x1ee Lvgl\src\lv_core\lv_obj.o
 *fill*         0x08006ba2        0x2 
 .text.lv_obj_set_state
                0x08006ba4      0x1f4 Lvgl\src\lv_core\lv_obj.o
                0x08006ba4                lv_obj_set_state
 .text.lv_obj_add_state
                0x08006d98       0x30 Lvgl\src\lv_core\lv_obj.o
                0x08006d98                lv_obj_add_state
 .text.lv_obj_clear_state
                0x08006dc8       0x34 Lvgl\src\lv_core\lv_obj.o
                0x08006dc8                lv_obj_clear_state
 .text.lv_obj_get_draw_rect_ext_pad_size
                0x08006dfc      0x1f0 Lvgl\src\lv_core\lv_obj.o
                0x08006dfc                lv_obj_get_draw_rect_ext_pad_size
 .text.lv_obj_get_focused_obj
                0x08006fec       0x26 Lvgl\src\lv_core\lv_obj.o
                0x08006fec                lv_obj_get_focused_obj
 *fill*         0x08007012        0x2 
 .text.lv_obj_signal
                0x08007014      0x100 Lvgl\src\lv_core\lv_obj.o
 .text.lv_obj_set_focus_parent
                0x08007114       0x60 Lvgl\src\lv_core\lv_obj.o
                0x08007114                lv_obj_set_focus_parent
 .text.lv_refr_join_area
                0x08007174       0xe4 Lvgl\src\lv_core\lv_refr.o
 .text.lv_refr_get_top_obj
                0x08007258       0x8e Lvgl\src\lv_core\lv_refr.o
 .text.lv_refr_obj
                0x080072e6       0xe8 Lvgl\src\lv_core\lv_refr.o
 *fill*         0x080073ce        0x2 
 .text.lv_refr_obj_and_children
                0x080073d0       0x6c Lvgl\src\lv_core\lv_refr.o
 .text._lv_refr_init
                0x0800743c        0x2 Lvgl\src\lv_core\lv_refr.o
                0x0800743c                _lv_refr_init
 .text._lv_inv_area
                0x0800743e       0xee Lvgl\src\lv_core\lv_refr.o
                0x0800743e                _lv_inv_area
 .text._lv_refr_get_disp_refreshing
                0x0800752c        0xc Lvgl\src\lv_core\lv_refr.o
                0x0800752c                _lv_refr_get_disp_refreshing
 .text.lv_refr_vdb_flush
                0x08007538       0x80 Lvgl\src\lv_core\lv_refr.o
 .text.lv_refr_area_part
                0x080075b8      0x13c Lvgl\src\lv_core\lv_refr.o
 .text.lv_refr_area
                0x080076f4      0x198 Lvgl\src\lv_core\lv_refr.o
 .text.lv_refr_areas
                0x0800788c       0xb8 Lvgl\src\lv_core\lv_refr.o
 .text._lv_disp_refr_task
                0x08007944      0x178 Lvgl\src\lv_core\lv_refr.o
                0x08007944                _lv_disp_refr_task
 .text.lv_style_init
                0x08007abc        0xa Lvgl\src\lv_core\lv_style.o
                0x08007abc                lv_style_init
 .text.lv_style_list_init
                0x08007ac6        0xa Lvgl\src\lv_core\lv_style.o
                0x08007ac6                lv_style_list_init
 .text._lv_style_list_remove_style
                0x08007ad0       0xb4 Lvgl\src\lv_core\lv_style.o
                0x08007ad0                _lv_style_list_remove_style
 .text._lv_style_list_add_style
                0x08007b84       0x9c Lvgl\src\lv_core\lv_style.o
                0x08007b84                _lv_style_list_add_style
 .text.get_alloc_local_style
                0x08007c20       0x7c Lvgl\src\lv_core\lv_style.o
 .text.lv_style_reset
                0x08007c9c       0x10 Lvgl\src\lv_core\lv_style.o
                0x08007c9c                lv_style_reset
 .text._lv_style_get_mem_size
                0x08007cac       0x4c Lvgl\src\lv_core\lv_style.o
                0x08007cac                _lv_style_get_mem_size
 .text.lv_style_copy
                0x08007cf8       0x26 Lvgl\src\lv_core\lv_style.o
                0x08007cf8                lv_style_copy
 .text.lv_style_remove_prop
                0x08007d1e      0x128 Lvgl\src\lv_core\lv_style.o
                0x08007d1e                lv_style_remove_prop
 *fill*         0x08007e46        0x2 
 .text._lv_style_set_int
                0x08007e48      0x180 Lvgl\src\lv_core\lv_style.o
                0x08007e48                _lv_style_set_int
 .text._lv_style_set_color
                0x08007fc8      0x180 Lvgl\src\lv_core\lv_style.o
                0x08007fc8                _lv_style_set_color
 .text._lv_style_set_opa
                0x08008148      0x180 Lvgl\src\lv_core\lv_style.o
                0x08008148                _lv_style_set_opa
 .text._lv_style_set_ptr
                0x080082c8      0x180 Lvgl\src\lv_core\lv_style.o
                0x080082c8                _lv_style_set_ptr
 .text._lv_style_get_int
                0x08008448      0x106 Lvgl\src\lv_core\lv_style.o
                0x08008448                _lv_style_get_int
 .text._lv_style_get_opa
                0x0800854e      0x104 Lvgl\src\lv_core\lv_style.o
                0x0800854e                _lv_style_get_opa
 .text._lv_style_get_color
                0x08008652      0x106 Lvgl\src\lv_core\lv_style.o
                0x08008652                _lv_style_get_color
 .text._lv_style_get_ptr
                0x08008758      0x106 Lvgl\src\lv_core\lv_style.o
                0x08008758                _lv_style_get_ptr
 .text.lv_style_list_get_local_style
                0x0800885e       0x1e Lvgl\src\lv_core\lv_style.o
                0x0800885e                lv_style_list_get_local_style
 .text._lv_style_list_get_transition_style
                0x0800887c       0x12 Lvgl\src\lv_core\lv_style.o
                0x0800887c                _lv_style_list_get_transition_style
 .text._lv_style_list_reset
                0x0800888e       0x6a Lvgl\src\lv_core\lv_style.o
                0x0800888e                _lv_style_list_reset
 .text.lv_style_list_copy
                0x080088f8       0xfc Lvgl\src\lv_core\lv_style.o
                0x080088f8                lv_style_list_copy
 .text._lv_style_list_add_trans_style
                0x080089f4       0x60 Lvgl\src\lv_core\lv_style.o
                0x080089f4                _lv_style_list_add_trans_style
 .text._lv_style_list_set_local_int
                0x08008a54       0x14 Lvgl\src\lv_core\lv_style.o
                0x08008a54                _lv_style_list_set_local_int
 .text._lv_style_list_set_local_opa
                0x08008a68       0x14 Lvgl\src\lv_core\lv_style.o
                0x08008a68                _lv_style_list_set_local_opa
 .text._lv_style_list_set_local_ptr
                0x08008a7c       0x14 Lvgl\src\lv_core\lv_style.o
                0x08008a7c                _lv_style_list_set_local_ptr
 .text._lv_style_list_get_int
                0x08008a90       0xc6 Lvgl\src\lv_core\lv_style.o
                0x08008a90                _lv_style_list_get_int
 .text._lv_style_list_get_color
                0x08008b56       0xc4 Lvgl\src\lv_core\lv_style.o
                0x08008b56                _lv_style_list_get_color
 .text._lv_style_list_get_opa
                0x08008c1a       0xc6 Lvgl\src\lv_core\lv_style.o
                0x08008c1a                _lv_style_list_get_opa
 .text._lv_style_list_get_ptr
                0x08008ce0       0xba Lvgl\src\lv_core\lv_style.o
                0x08008ce0                _lv_style_list_get_ptr
 .text.get_rounded_area
                0x08008d9a       0x94 Lvgl\src\lv_draw\lv_draw_arc.o
 .text.draw_quarter_0
                0x08008e2e      0x1fa Lvgl\src\lv_draw\lv_draw_arc.o
 .text.draw_quarter_1
                0x08009028      0x1f4 Lvgl\src\lv_draw\lv_draw_arc.o
 .text.draw_quarter_2
                0x0800921c      0x1f2 Lvgl\src\lv_draw\lv_draw_arc.o
 .text.draw_quarter_3
                0x0800940e      0x1fc Lvgl\src\lv_draw\lv_draw_arc.o
 *fill*         0x0800960a        0x2 
 .text.lv_draw_arc
                0x0800960c      0x230 Lvgl\src\lv_draw\lv_draw_arc.o
                0x0800960c                lv_draw_arc
 .text.map_blended
                0x0800983c      0x14c Lvgl\src\lv_draw\lv_draw_blend.o
 .text.fill_set_px
                0x08009988       0xde Lvgl\src\lv_draw\lv_draw_blend.o
 .text.map_set_px
                0x08009a66      0x132 Lvgl\src\lv_draw\lv_draw_blend.o
 .text.map_normal
                0x08009b98      0x684 Lvgl\src\lv_draw\lv_draw_blend.o
 .text.fill_normal
                0x0800a21c      0x678 Lvgl\src\lv_draw\lv_draw_blend.o
 .text.color_blend_true_color_additive
                0x0800a894       0xbe Lvgl\src\lv_draw\lv_draw_blend.o
 .text.color_blend_true_color_subtractive
                0x0800a952       0xb8 Lvgl\src\lv_draw\lv_draw_blend.o
 *fill*         0x0800aa0a        0x2 
 .text.fill_blended
                0x0800aa0c      0x188 Lvgl\src\lv_draw\lv_draw_blend.o
 .text._lv_blend_fill
                0x0800ab94      0x106 Lvgl\src\lv_draw\lv_draw_blend.o
                0x0800ab94                _lv_blend_fill
 .text._lv_blend_map
                0x0800ac9a      0x108 Lvgl\src\lv_draw\lv_draw_blend.o
                0x0800ac9a                _lv_blend_map
 *fill*         0x0800ada2        0x2 
 .text.lv_draw_map
                0x0800ada4      0x7c4 Lvgl\src\lv_draw\lv_draw_img.o
 .text.show_error
                0x0800b568       0x40 Lvgl\src\lv_draw\lv_draw_img.o
 .text.lv_draw_img_dsc_init
                0x0800b5a8       0x36 Lvgl\src\lv_draw\lv_draw_img.o
                0x0800b5a8                lv_draw_img_dsc_init
 .text.lv_img_cf_get_px_size
                0x0800b5de       0x32 Lvgl\src\lv_draw\lv_draw_img.o
                0x0800b5de                lv_img_cf_get_px_size
 .text.lv_img_cf_is_chroma_keyed
                0x0800b610       0x14 Lvgl\src\lv_draw\lv_draw_img.o
                0x0800b610                lv_img_cf_is_chroma_keyed
 .text.lv_img_cf_has_alpha
                0x0800b624       0x20 Lvgl\src\lv_draw\lv_draw_img.o
                0x0800b624                lv_img_cf_has_alpha
 .text.lv_img_draw_core
                0x0800b644      0x1e4 Lvgl\src\lv_draw\lv_draw_img.o
 .text.lv_draw_img
                0x0800b828       0x38 Lvgl\src\lv_draw\lv_draw_img.o
                0x0800b828                lv_draw_img
 .text.lv_img_src_get_type
                0x0800b860       0x24 Lvgl\src\lv_draw\lv_draw_img.o
                0x0800b860                lv_img_src_get_type
 .text.hex_char_to_num
                0x0800b884       0x42 Lvgl\src\lv_draw\lv_draw_label.o
 *fill*         0x0800b8c6        0x2 
 .text.draw_letter_subpx
                0x0800b8c8      0x404 Lvgl\src\lv_draw\lv_draw_label.o
 .text.draw_letter_normal
                0x0800bccc      0x2d0 Lvgl\src\lv_draw\lv_draw_label.o
 .text.lv_draw_letter
                0x0800bf9c       0xdc Lvgl\src\lv_draw\lv_draw_label.o
 .text.lv_draw_label_dsc_init
                0x0800c078       0x70 Lvgl\src\lv_draw\lv_draw_label.o
                0x0800c078                lv_draw_label_dsc_init
 .text.lv_draw_label
                0x0800c0e8      0x5c8 Lvgl\src\lv_draw\lv_draw_label.o
                0x0800c0e8                lv_draw_label
 .text.draw_line_hor
                0x0800c6b0      0x1e8 Lvgl\src\lv_draw\lv_draw_line.o
 .text.draw_line_ver
                0x0800c898      0x1d0 Lvgl\src\lv_draw\lv_draw_line.o
 .text.draw_line_skew
                0x0800ca68      0x3cc Lvgl\src\lv_draw\lv_draw_line.o
 .text.lv_draw_line_dsc_init
                0x0800ce34       0x2c Lvgl\src\lv_draw\lv_draw_line.o
                0x0800ce34                lv_draw_line_dsc_init
 .text.lv_draw_line
                0x0800ce60      0x19a Lvgl\src\lv_draw\lv_draw_line.o
                0x0800ce60                lv_draw_line
 .text.lv_draw_mask_fade
                0x0800cffa      0x118 Lvgl\src\lv_draw\lv_draw_mask.o
 .text.line_mask_flat
                0x0800d112      0x200 Lvgl\src\lv_draw\lv_draw_mask.o
 .text.line_mask_steep
                0x0800d312      0x302 Lvgl\src\lv_draw\lv_draw_mask.o
 .text.lv_draw_mask_line
                0x0800d614       0xde Lvgl\src\lv_draw\lv_draw_mask.o
 .text.lv_draw_mask_angle
                0x0800d6f2      0x354 Lvgl\src\lv_draw\lv_draw_mask.o
 .text.lv_draw_mask_radius
                0x0800da46      0x58a Lvgl\src\lv_draw\lv_draw_mask.o
 .text.lv_draw_mask_add
                0x0800dfd0       0x34 Lvgl\src\lv_draw\lv_draw_mask.o
                0x0800dfd0                lv_draw_mask_add
 .text.lv_draw_mask_apply
                0x0800e004       0x50 Lvgl\src\lv_draw\lv_draw_mask.o
                0x0800e004                lv_draw_mask_apply
 .text.lv_draw_mask_remove_id
                0x0800e054       0x24 Lvgl\src\lv_draw\lv_draw_mask.o
                0x0800e054                lv_draw_mask_remove_id
 .text.lv_draw_mask_remove_custom
                0x0800e078       0x50 Lvgl\src\lv_draw\lv_draw_mask.o
                0x0800e078                lv_draw_mask_remove_custom
 .text.lv_draw_mask_get_cnt
                0x0800e0c8       0x24 Lvgl\src\lv_draw\lv_draw_mask.o
                0x0800e0c8                lv_draw_mask_get_cnt
 .text.lv_draw_mask_line_points_init
                0x0800e0ec      0x158 Lvgl\src\lv_draw\lv_draw_mask.o
                0x0800e0ec                lv_draw_mask_line_points_init
 .text.lv_draw_mask_line_angle_init
                0x0800e244       0x52 Lvgl\src\lv_draw\lv_draw_mask.o
                0x0800e244                lv_draw_mask_line_angle_init
 *fill*         0x0800e296        0x2 
 .text.lv_draw_mask_angle_init
                0x0800e298       0xdc Lvgl\src\lv_draw\lv_draw_mask.o
                0x0800e298                lv_draw_mask_angle_init
 .text.lv_draw_mask_radius_init
                0x0800e374       0x64 Lvgl\src\lv_draw\lv_draw_mask.o
                0x0800e374                lv_draw_mask_radius_init
 .text.lv_draw_mask_fade_init
                0x0800e3d8       0x38 Lvgl\src\lv_draw\lv_draw_mask.o
                0x0800e3d8                lv_draw_mask_fade_init
 .text.shadow_blur_corner
                0x0800e410      0x162 Lvgl\src\lv_draw\lv_draw_rect.o
 .text.shadow_draw_corner_buf
                0x0800e572      0x1aa Lvgl\src\lv_draw\lv_draw_rect.o
 .text.draw_shadow
                0x0800e71c      0xd72 Lvgl\src\lv_draw\lv_draw_rect.o
 .text.draw_full_border
                0x0800f48e      0x4d2 Lvgl\src\lv_draw\lv_draw_rect.o
 .text.draw_outline
                0x0800f960       0xb8 Lvgl\src\lv_draw\lv_draw_rect.o
 .text.draw_border
                0x0800fa18      0x334 Lvgl\src\lv_draw\lv_draw_rect.o
 .text.draw_pattern
                0x0800fd4c      0x280 Lvgl\src\lv_draw\lv_draw_rect.o
 .text.draw_value_str
                0x0800ffcc       0xe0 Lvgl\src\lv_draw\lv_draw_rect.o
 .text.draw_bg  0x080100ac      0x6aa Lvgl\src\lv_draw\lv_draw_rect.o
 *fill*         0x08010756        0x2 
 .text.lv_draw_rect_dsc_init
                0x08010758       0xc8 Lvgl\src\lv_draw\lv_draw_rect.o
                0x08010758                lv_draw_rect_dsc_init
 .text.lv_draw_rect
                0x08010820       0x60 Lvgl\src\lv_draw\lv_draw_rect.o
                0x08010820                lv_draw_rect
 .text.lv_img_buf_get_px_color
                0x08010880      0x13a Lvgl\src\lv_draw\lv_img_buf.o
                0x08010880                lv_img_buf_get_px_color
 *fill*         0x080109ba        0x2 
 .text.lv_img_buf_get_px_alpha
                0x080109bc       0xfc Lvgl\src\lv_draw\lv_img_buf.o
                0x080109bc                lv_img_buf_get_px_alpha
 .text._lv_img_buf_transform_init
                0x08010ab8      0x120 Lvgl\src\lv_draw\lv_img_buf.o
                0x08010ab8                _lv_img_buf_transform_init
 .text._lv_img_buf_get_transformed_area
                0x08010bd8      0x1e8 Lvgl\src\lv_draw\lv_img_buf.o
                0x08010bd8                _lv_img_buf_get_transformed_area
 .text._lv_img_buf_transform_anti_alias
                0x08010dc0      0x43a Lvgl\src\lv_draw\lv_img_buf.o
                0x08010dc0                _lv_img_buf_transform_anti_alias
 *fill*         0x080111fa        0x2 
 .text._lv_img_cache_open
                0x080111fc      0x148 Lvgl\src\lv_draw\lv_img_cache.o
                0x080111fc                _lv_img_cache_open
 .text.lv_img_cache_invalidate_src
                0x08011344       0x50 Lvgl\src\lv_draw\lv_img_cache.o
                0x08011344                lv_img_cache_invalidate_src
 .text.lv_img_cache_set_size
                0x08011394       0x88 Lvgl\src\lv_draw\lv_img_cache.o
                0x08011394                lv_img_cache_set_size
 .text.lv_img_decoder_built_in_info
                0x0801141c       0xb6 Lvgl\src\lv_draw\lv_img_decoder.o
                0x0801141c                lv_img_decoder_built_in_info
 .text.lv_img_decoder_built_in_close
                0x080114d2       0x32 Lvgl\src\lv_draw\lv_img_decoder.o
                0x080114d2                lv_img_decoder_built_in_close
 .text.lv_img_decoder_built_in_open
                0x08011504      0x224 Lvgl\src\lv_draw\lv_img_decoder.o
                0x08011504                lv_img_decoder_built_in_open
 .text.lv_img_decoder_built_in_line_true_color
                0x08011728       0x6a Lvgl\src\lv_draw\lv_img_decoder.o
 *fill*         0x08011792        0x2 
 .text.lv_img_decoder_built_in_line_alpha
                0x08011794      0x1d4 Lvgl\src\lv_draw\lv_img_decoder.o
 .text.lv_img_decoder_built_in_line_indexed
                0x08011968      0x18a Lvgl\src\lv_draw\lv_img_decoder.o
 .text.lv_img_decoder_built_in_read_line
                0x08011af2       0x5c Lvgl\src\lv_draw\lv_img_decoder.o
                0x08011af2                lv_img_decoder_built_in_read_line
 *fill*         0x08011b4e        0x2 
 .text.lv_img_decoder_get_info
                0x08011b50       0x5c Lvgl\src\lv_draw\lv_img_decoder.o
                0x08011b50                lv_img_decoder_get_info
 .text.lv_img_decoder_open
                0x08011bac       0x84 Lvgl\src\lv_draw\lv_img_decoder.o
                0x08011bac                lv_img_decoder_open
 .text.lv_img_decoder_read_line
                0x08011c30       0x24 Lvgl\src\lv_draw\lv_img_decoder.o
                0x08011c30                lv_img_decoder_read_line
 .text.lv_img_decoder_close
                0x08011c54       0x28 Lvgl\src\lv_draw\lv_img_decoder.o
                0x08011c54                lv_img_decoder_close
 .text.lv_img_decoder_create
                0x08011c7c       0x34 Lvgl\src\lv_draw\lv_img_decoder.o
                0x08011c7c                lv_img_decoder_create
 .text.lv_img_decoder_set_info_cb
                0x08011cb0        0x4 Lvgl\src\lv_draw\lv_img_decoder.o
                0x08011cb0                lv_img_decoder_set_info_cb
 .text.lv_img_decoder_set_open_cb
                0x08011cb4        0x4 Lvgl\src\lv_draw\lv_img_decoder.o
                0x08011cb4                lv_img_decoder_set_open_cb
 .text.lv_img_decoder_set_read_line_cb
                0x08011cb8        0x4 Lvgl\src\lv_draw\lv_img_decoder.o
                0x08011cb8                lv_img_decoder_set_read_line_cb
 .text.lv_img_decoder_set_close_cb
                0x08011cbc        0x4 Lvgl\src\lv_draw\lv_img_decoder.o
                0x08011cbc                lv_img_decoder_set_close_cb
 .text._lv_img_decoder_init
                0x08011cc0       0x60 Lvgl\src\lv_draw\lv_img_decoder.o
                0x08011cc0                _lv_img_decoder_init
 .text.lv_font_get_glyph_bitmap
                0x08011d20        0x8 Lvgl\src\lv_font\lv_font.o
                0x08011d20                lv_font_get_glyph_bitmap
 .text.lv_font_get_glyph_dsc
                0x08011d28        0x8 Lvgl\src\lv_font\lv_font.o
                0x08011d28                lv_font_get_glyph_dsc
 .text.lv_font_get_glyph_width
                0x08011d30       0x1e Lvgl\src\lv_font\lv_font.o
                0x08011d30                lv_font_get_glyph_width
 .text.kern_pair_8_compare
                0x08011d4e       0x14 Lvgl\src\lv_font\lv_font_fmt_txt.o
 .text.kern_pair_16_compare
                0x08011d62       0x14 Lvgl\src\lv_font\lv_font_fmt_txt.o
 .text.unicode_list_compare
                0x08011d76        0x8 Lvgl\src\lv_font\lv_font_fmt_txt.o
 *fill*         0x08011d7e        0x2 
 .text.get_glyph_dsc_id
                0x08011d80       0xd4 Lvgl\src\lv_font\lv_font_fmt_txt.o
 .text.get_kern_value
                0x08011e54       0xb0 Lvgl\src\lv_font\lv_font_fmt_txt.o
 .text.decompress
                0x08011f04      0xd88 Lvgl\src\lv_font\lv_font_fmt_txt.o
 .text.lv_font_get_bitmap_fmt_txt
                0x08012c8c      0x104 Lvgl\src\lv_font\lv_font_fmt_txt.o
                0x08012c8c                lv_font_get_bitmap_fmt_txt
 .text.lv_font_get_glyph_dsc_fmt_txt
                0x08012d90       0x96 Lvgl\src\lv_font\lv_font_fmt_txt.o
                0x08012d90                lv_font_get_glyph_dsc_fmt_txt
 *fill*         0x08012e26        0x2 
 .text._lv_font_clean_up_fmt_txt
                0x08012e28       0x18 Lvgl\src\lv_font\lv_font_fmt_txt.o
                0x08012e28                _lv_font_clean_up_fmt_txt
 .text.lv_disp_drv_init
                0x08012e40       0x56 Lvgl\src\lv_hal\lv_hal_disp.o
                0x08012e40                lv_disp_drv_init
 .text.lv_disp_buf_init
                0x08012e96       0x1a Lvgl\src\lv_hal\lv_hal_disp.o
                0x08012e96                lv_disp_buf_init
 .text.lv_disp_get_default
                0x08012eb0        0xc Lvgl\src\lv_hal\lv_hal_disp.o
                0x08012eb0                lv_disp_get_default
 .text.lv_disp_get_hor_res
                0x08012ebc       0x2a Lvgl\src\lv_hal\lv_hal_disp.o
                0x08012ebc                lv_disp_get_hor_res
 .text.lv_disp_get_ver_res
                0x08012ee6       0x28 Lvgl\src\lv_hal\lv_hal_disp.o
                0x08012ee6                lv_disp_get_ver_res
 .text.lv_disp_get_dpi
                0x08012f0e       0x1c Lvgl\src\lv_hal\lv_hal_disp.o
                0x08012f0e                lv_disp_get_dpi
 .text.lv_disp_get_size_category
                0x08012f2a       0x4a Lvgl\src\lv_hal\lv_hal_disp.o
                0x08012f2a                lv_disp_get_size_category
 .text.lv_disp_flush_ready
                0x08012f74        0xc Lvgl\src\lv_hal\lv_hal_disp.o
                0x08012f74                lv_disp_flush_ready
 .text.lv_disp_get_next
                0x08012f80       0x1c Lvgl\src\lv_hal\lv_hal_disp.o
                0x08012f80                lv_disp_get_next
 .text.lv_disp_get_buf
                0x08012f9c        0x4 Lvgl\src\lv_hal\lv_hal_disp.o
                0x08012f9c                lv_disp_get_buf
 .text.lv_disp_is_double_buf
                0x08012fa0       0x16 Lvgl\src\lv_hal\lv_hal_disp.o
                0x08012fa0                lv_disp_is_double_buf
 .text.lv_disp_is_true_double_buf
                0x08012fb6       0x2a Lvgl\src\lv_hal\lv_hal_disp.o
                0x08012fb6                lv_disp_is_true_double_buf
 .text.lv_disp_drv_register
                0x08012fe0      0x110 Lvgl\src\lv_hal\lv_hal_disp.o
                0x08012fe0                lv_disp_drv_register
 .text.lv_indev_get_next
                0x080130f0       0x1c Lvgl\src\lv_hal\lv_hal_indev.o
                0x080130f0                lv_indev_get_next
 .text.lv_tick_inc
                0x0801310c       0x18 Lvgl\src\lv_hal\lv_hal_tick.o
                0x0801310c                lv_tick_inc
 .text.lv_tick_get
                0x08013124       0x1c Lvgl\src\lv_hal\lv_hal_tick.o
                0x08013124                lv_tick_get
 .text.lv_tick_elaps
                0x08013140       0x14 Lvgl\src\lv_hal\lv_hal_tick.o
                0x08013140                lv_tick_elaps
 .text.lv_anim_path_linear
                0x08013154       0x26 Lvgl\src\lv_misc\lv_anim.o
                0x08013154                lv_anim_path_linear
 *fill*         0x0801317a        0x2 
 .text.anim_mark_list_change
                0x0801317c       0x34 Lvgl\src\lv_misc\lv_anim.o
 .text.anim_ready_handler
                0x080131b0       0x94 Lvgl\src\lv_misc\lv_anim.o
 .text.anim_task
                0x08013244       0xe8 Lvgl\src\lv_misc\lv_anim.o
 .text._lv_anim_core_init
                0x0801332c       0x44 Lvgl\src\lv_misc\lv_anim.o
                0x0801332c                _lv_anim_core_init
 .text.lv_anim_init
                0x08013370       0x48 Lvgl\src\lv_misc\lv_anim.o
                0x08013370                lv_anim_init
 .text.lv_anim_del
                0x080133b8       0x58 Lvgl\src\lv_misc\lv_anim.o
                0x080133b8                lv_anim_del
 .text.lv_anim_start
                0x08013410       0x78 Lvgl\src\lv_misc\lv_anim.o
                0x08013410                lv_anim_start
 .text.lv_anim_get
                0x08013488       0x2c Lvgl\src\lv_misc\lv_anim.o
                0x08013488                lv_anim_get
 .text.lv_anim_speed_to_time
                0x080134b4       0x26 Lvgl\src\lv_misc\lv_anim.o
                0x080134b4                lv_anim_speed_to_time
 .text.lv_anim_path_step
                0x080134da       0x14 Lvgl\src\lv_misc\lv_anim.o
                0x080134da                lv_anim_path_step
 .text.lv_point_within_circle
                0x080134ee       0x48 Lvgl\src\lv_misc\lv_area.o
 .text.lv_area_set
                0x08013536        0xe Lvgl\src\lv_misc\lv_area.o
                0x08013536                lv_area_set
 .text.lv_area_set_width
                0x08013544        0xc Lvgl\src\lv_misc\lv_area.o
                0x08013544                lv_area_set_width
 .text.lv_area_set_height
                0x08013550        0xc Lvgl\src\lv_misc\lv_area.o
                0x08013550                lv_area_set_height
 .text._lv_area_set_pos
                0x0801355c       0x2e Lvgl\src\lv_misc\lv_area.o
                0x0801355c                _lv_area_set_pos
 .text.lv_area_get_size
                0x0801358a       0x1c Lvgl\src\lv_misc\lv_area.o
                0x0801358a                lv_area_get_size
 .text._lv_area_intersect
                0x080135a6       0x58 Lvgl\src\lv_misc\lv_area.o
                0x080135a6                _lv_area_intersect
 .text._lv_area_join
                0x080135fe       0x46 Lvgl\src\lv_misc\lv_area.o
                0x080135fe                _lv_area_join
 .text._lv_area_is_point_on
                0x08013644      0x180 Lvgl\src\lv_misc\lv_area.o
                0x08013644                _lv_area_is_point_on
 .text._lv_area_is_on
                0x080137c4       0x44 Lvgl\src\lv_misc\lv_area.o
                0x080137c4                _lv_area_is_on
 .text._lv_area_is_in
                0x08013808       0xc0 Lvgl\src\lv_misc\lv_area.o
                0x08013808                _lv_area_is_in
 .text._lv_area_align
                0x080138c8      0x3ce Lvgl\src\lv_misc\lv_area.o
                0x080138c8                _lv_area_align
 .text.lv_async_task_cb
                0x08013c96       0x12 Lvgl\src\lv_misc\lv_async.o
 .text.lv_async_call
                0x08013ca8       0x40 Lvgl\src\lv_misc\lv_async.o
                0x08013ca8                lv_async_call
 .text.lv_color_fill
                0x08013ce8       0x3a Lvgl\src\lv_misc\lv_color.o
                0x08013ce8                lv_color_fill
 *fill*         0x08013d22        0x2 
 .text.lv_color_lighten
                0x08013d24       0x80 Lvgl\src\lv_misc\lv_color.o
                0x08013d24                lv_color_lighten
 .text.lv_color_darken
                0x08013da4       0x5e Lvgl\src\lv_misc\lv_color.o
                0x08013da4                lv_color_darken
 *fill*         0x08013e02        0x2 
 .text.lv_color_hsv_to_rgb
                0x08013e04       0xfc Lvgl\src\lv_misc\lv_color.o
                0x08013e04                lv_color_hsv_to_rgb
 .text.lv_debug_check_null
                0x08013f00        0xa Lvgl\src\lv_misc\lv_debug.o
                0x08013f00                lv_debug_check_null
 *fill*         0x08013f0a        0x2 
 .text.lv_debug_log_error
                0x08013f0c       0x64 Lvgl\src\lv_misc\lv_debug.o
                0x08013f0c                lv_debug_log_error
 .text.lv_fs_get_real_path
                0x08013f70       0x18 Lvgl\src\lv_misc\lv_fs.o
 .text._lv_fs_init
                0x08013f88       0x10 Lvgl\src\lv_misc\lv_fs.o
                0x08013f88                _lv_fs_init
 .text.lv_fs_close
                0x08013f98       0x2c Lvgl\src\lv_misc\lv_fs.o
                0x08013f98                lv_fs_close
 .text.lv_fs_read
                0x08013fc4       0x3c Lvgl\src\lv_misc\lv_fs.o
                0x08013fc4                lv_fs_read
 .text.lv_fs_seek
                0x08014000       0x1c Lvgl\src\lv_misc\lv_fs.o
                0x08014000                lv_fs_seek
 .text.lv_fs_get_drv
                0x0801401c       0x24 Lvgl\src\lv_misc\lv_fs.o
                0x0801401c                lv_fs_get_drv
 .text.lv_fs_open
                0x08014040       0x9c Lvgl\src\lv_misc\lv_fs.o
                0x08014040                lv_fs_open
 .text.lv_fs_get_ext
                0x080140dc       0x34 Lvgl\src\lv_misc\lv_fs.o
                0x080140dc                lv_fs_get_ext
 .text.node_set_prev
                0x08014110        0xa Lvgl\src\lv_misc\lv_ll.o
 .text.node_set_next
                0x0801411a        0xe Lvgl\src\lv_misc\lv_ll.o
 .text._lv_ll_init
                0x08014128       0x10 Lvgl\src\lv_misc\lv_ll.o
                0x08014128                _lv_ll_init
 .text._lv_ll_ins_head
                0x08014138       0x3e Lvgl\src\lv_misc\lv_ll.o
                0x08014138                _lv_ll_ins_head
 .text._lv_ll_ins_tail
                0x08014176       0x3e Lvgl\src\lv_misc\lv_ll.o
                0x08014176                _lv_ll_ins_tail
 .text._lv_ll_get_head
                0x080141b4        0xa Lvgl\src\lv_misc\lv_ll.o
                0x080141b4                _lv_ll_get_head
 .text._lv_ll_get_tail
                0x080141be        0xa Lvgl\src\lv_misc\lv_ll.o
                0x080141be                _lv_ll_get_tail
 .text._lv_ll_get_next
                0x080141c8        0xe Lvgl\src\lv_misc\lv_ll.o
                0x080141c8                _lv_ll_get_next
 .text._lv_ll_get_prev
                0x080141d6        0xc Lvgl\src\lv_misc\lv_ll.o
                0x080141d6                _lv_ll_get_prev
 .text._lv_ll_ins_prev
                0x080141e2       0x6c Lvgl\src\lv_misc\lv_ll.o
                0x080141e2                _lv_ll_ins_prev
 .text._lv_ll_remove
                0x0801424e       0x7e Lvgl\src\lv_misc\lv_ll.o
                0x0801424e                _lv_ll_remove
 .text._lv_ll_clear
                0x080142cc       0x2c Lvgl\src\lv_misc\lv_ll.o
                0x080142cc                _lv_ll_clear
 .text._lv_ll_chg_list
                0x080142f8       0x68 Lvgl\src\lv_misc\lv_ll.o
                0x080142f8                _lv_ll_chg_list
 .text._lv_ll_get_len
                0x08014360       0x1e Lvgl\src\lv_misc\lv_ll.o
                0x08014360                _lv_ll_get_len
 .text._lv_ll_move_before
                0x0801437e       0x62 Lvgl\src\lv_misc\lv_ll.o
                0x0801437e                _lv_ll_move_before
 .text._lv_ll_is_empty
                0x080143e0       0x1a Lvgl\src\lv_misc\lv_ll.o
                0x080143e0                _lv_ll_is_empty
 *fill*         0x080143fa        0x2 
 .text._lv_trigo_sin
                0x080143fc       0x7c Lvgl\src\lv_misc\lv_math.o
                0x080143fc                _lv_trigo_sin
 .text._lv_sqrt
                0x08014478       0x2a Lvgl\src\lv_misc\lv_math.o
                0x08014478                _lv_sqrt
 .text._lv_atan2
                0x080144a2       0xb6 Lvgl\src\lv_misc\lv_math.o
                0x080144a2                _lv_atan2
 .text._lv_pow  0x08014558       0x36 Lvgl\src\lv_misc\lv_math.o
                0x08014558                _lv_pow
 .text._lv_map  0x0801458e       0x2c Lvgl\src\lv_misc\lv_math.o
                0x0801458e                _lv_map
 *fill*         0x080145ba        0x2 
 .text.ent_get_next
                0x080145bc       0x2c Lvgl\src\lv_misc\lv_mem.o
 .text.ent_trunc
                0x080145e8       0x4c Lvgl\src\lv_misc\lv_mem.o
 .text.ent_alloc
                0x08014634       0x30 Lvgl\src\lv_misc\lv_mem.o
 .text._lv_mem_init
                0x08014664       0x30 Lvgl\src\lv_misc\lv_mem.o
                0x08014664                _lv_mem_init
 .text.lv_mem_alloc
                0x08014694       0x5c Lvgl\src\lv_misc\lv_mem.o
                0x08014694                lv_mem_alloc
 .text.lv_mem_defrag
                0x080146f0       0x52 Lvgl\src\lv_misc\lv_mem.o
                0x080146f0                lv_mem_defrag
 *fill*         0x08014742        0x2 
 .text.lv_mem_free
                0x08014744       0x6c Lvgl\src\lv_misc\lv_mem.o
                0x08014744                lv_mem_free
 .text.lv_mem_test
                0x080147b0       0x3c Lvgl\src\lv_misc\lv_mem.o
                0x080147b0                lv_mem_test
 .text._lv_mem_get_size
                0x080147ec       0x20 Lvgl\src\lv_misc\lv_mem.o
                0x080147ec                _lv_mem_get_size
 .text._lv_mem_buf_release
                0x0801480c       0x5c Lvgl\src\lv_misc\lv_mem.o
                0x0801480c                _lv_mem_buf_release
 .text._lv_mem_buf_free_all
                0x08014868       0x58 Lvgl\src\lv_misc\lv_mem.o
                0x08014868                _lv_mem_buf_free_all
 .text._lv_memcpy
                0x080148c0      0x11a Lvgl\src\lv_misc\lv_mem.o
                0x080148c0                _lv_memcpy
 .text.lv_mem_realloc
                0x080149da       0x5c Lvgl\src\lv_misc\lv_mem.o
                0x080149da                lv_mem_realloc
 *fill*         0x08014a36        0x2 
 .text._lv_mem_buf_get
                0x08014a38      0x11c Lvgl\src\lv_misc\lv_mem.o
                0x08014a38                _lv_mem_buf_get
 .text._lv_memset
                0x08014b54       0x5a Lvgl\src\lv_misc\lv_mem.o
                0x08014b54                _lv_memset
 *fill*         0x08014bae        0x2 
 .text.lv_mem_monitor
                0x08014bb0       0x90 Lvgl\src\lv_misc\lv_mem.o
                0x08014bb0                lv_mem_monitor
 .text._lv_memset_00
                0x08014c40       0x56 Lvgl\src\lv_misc\lv_mem.o
                0x08014c40                _lv_memset_00
 .text._lv_memset_ff
                0x08014c96       0x5a Lvgl\src\lv_misc\lv_mem.o
                0x08014c96                _lv_memset_ff
 .text._out_buffer
                0x08014cf0        0x8 Lvgl\src\lv_misc\lv_printf.o
 .text._out_null
                0x08014cf8        0x2 Lvgl\src\lv_misc\lv_printf.o
 .text._atoi    0x08014cfa       0x24 Lvgl\src\lv_misc\lv_printf.o
 .text._out_rev
                0x08014d1e       0x76 Lvgl\src\lv_misc\lv_printf.o
 .text._ntoa_format
                0x08014d94      0x11c Lvgl\src\lv_misc\lv_printf.o
 .text._ntoa_long
                0x08014eb0       0x92 Lvgl\src\lv_misc\lv_printf.o
 .text._ntoa_long_long
                0x08014f42       0xbc Lvgl\src\lv_misc\lv_printf.o
 *fill*         0x08014ffe        0x2 
 .text._vsnprintf
                0x08015000      0x600 Lvgl\src\lv_misc\lv_printf.o
 .text.lv_vsnprintf
                0x08015600       0x1c Lvgl\src\lv_misc\lv_printf.o
                0x08015600                lv_vsnprintf
 .text.lv_task_time_remaining
                0x0801561c       0x18 Lvgl\src\lv_misc\lv_task.o
 .text.lv_task_create_basic
                0x08015634       0xd4 Lvgl\src\lv_misc\lv_task.o
                0x08015634                lv_task_create_basic
 .text.lv_task_set_cb
                0x08015708        0x4 Lvgl\src\lv_misc\lv_task.o
                0x08015708                lv_task_set_cb
 .text.lv_task_del
                0x0801570c       0x3c Lvgl\src\lv_misc\lv_task.o
                0x0801570c                lv_task_del
 .text.lv_task_exec
                0x08015748       0x50 Lvgl\src\lv_misc\lv_task.o
 .text.lv_task_handler
                0x08015798      0x1c8 Lvgl\src\lv_misc\lv_task.o
                0x08015798                lv_task_handler
 .text.lv_task_set_prio
                0x08015960       0x68 Lvgl\src\lv_misc\lv_task.o
                0x08015960                lv_task_set_prio
 .text.lv_task_set_period
                0x080159c8        0x4 Lvgl\src\lv_misc\lv_task.o
                0x080159c8                lv_task_set_period
 .text.lv_task_create
                0x080159cc       0x4c Lvgl\src\lv_misc\lv_task.o
                0x080159cc                lv_task_create
 .text.lv_task_ready
                0x08015a18       0x12 Lvgl\src\lv_misc\lv_task.o
                0x08015a18                lv_task_ready
 .text.lv_task_set_repeat_count
                0x08015a2a        0x4 Lvgl\src\lv_misc\lv_task.o
                0x08015a2a                lv_task_set_repeat_count
 *fill*         0x08015a2e        0x2 
 .text.lv_task_enable
                0x08015a30        0xc Lvgl\src\lv_misc\lv_task.o
                0x08015a30                lv_task_enable
 .text._lv_task_core_init
                0x08015a3c       0x20 Lvgl\src\lv_misc\lv_task.o
                0x08015a3c                _lv_task_core_init
 .text.lv_txt_utf8_size
                0x08015a5c       0x34 Lvgl\src\lv_misc\lv_txt.o
 .text.lv_txt_unicode_to_utf8
                0x08015a90       0x9e Lvgl\src\lv_misc\lv_txt.o
 .text.lv_txt_utf8_next
                0x08015b2e       0xfe Lvgl\src\lv_misc\lv_txt.o
 .text.lv_txt_utf8_prev
                0x08015c2c       0x58 Lvgl\src\lv_misc\lv_txt.o
 .text.lv_txt_utf8_get_byte_id
                0x08015c84       0x2c Lvgl\src\lv_misc\lv_txt.o
 .text.lv_txt_utf8_get_char_id
                0x08015cb0       0x2c Lvgl\src\lv_misc\lv_txt.o
 .text.lv_txt_utf8_get_length
                0x08015cdc       0x2c Lvgl\src\lv_misc\lv_txt.o
 .text._lv_txt_is_cmd
                0x08015d08       0x48 Lvgl\src\lv_misc\lv_txt.o
                0x08015d08                _lv_txt_is_cmd
 .text.lv_txt_get_next_word
                0x08015d50      0x160 Lvgl\src\lv_misc\lv_txt.o
 .text._lv_txt_get_next_line
                0x08015eb0       0xdc Lvgl\src\lv_misc\lv_txt.o
                0x08015eb0                _lv_txt_get_next_line
 .text._lv_txt_get_width
                0x08015f8c       0xa4 Lvgl\src\lv_misc\lv_txt.o
                0x08015f8c                _lv_txt_get_width
 .text._lv_txt_get_size
                0x08016030       0xc8 Lvgl\src\lv_misc\lv_txt.o
                0x08016030                _lv_txt_get_size
 .text._lv_txt_ins
                0x080160f8       0x54 Lvgl\src\lv_misc\lv_txt.o
                0x080160f8                _lv_txt_ins
 .text._lv_txt_cut
                0x0801614c       0x3c Lvgl\src\lv_misc\lv_txt.o
                0x0801614c                _lv_txt_cut
 .text._lv_txt_set_text_vfmt
                0x08016188       0x58 Lvgl\src\lv_misc\lv_txt.o
                0x08016188                _lv_txt_set_text_vfmt
 .text._lv_utils_num_to_str
                0x080161e0       0x7c Lvgl\src\lv_misc\lv_utils.o
                0x080161e0                _lv_utils_num_to_str
 .text._lv_utils_bsearch
                0x0801625c       0x4c Lvgl\src\lv_misc\lv_utils.o
                0x0801625c                _lv_utils_bsearch
 .text.apply_theme
                0x080162a8       0x30 Lvgl\src\lv_themes\lv_theme.o
 .text.clear_styles
                0x080162d8      0x308 Lvgl\src\lv_themes\lv_theme.o
 .text.lv_theme_set_act
                0x080165e0        0xc Lvgl\src\lv_themes\lv_theme.o
                0x080165e0                lv_theme_set_act
 .text.lv_theme_apply
                0x080165ec       0x1c Lvgl\src\lv_themes\lv_theme.o
                0x080165ec                lv_theme_apply
 .text.lv_theme_get_font_normal
                0x08016608        0xc Lvgl\src\lv_themes\lv_theme.o
                0x08016608                lv_theme_get_font_normal
 .text.theme_apply
                0x08016614      0x6d4 Lvgl\src\lv_themes\lv_theme_material.o
 .text.style_init_reset
                0x08016ce8       0x18 Lvgl\src\lv_themes\lv_theme_material.o
 .text.bar_init
                0x08016d00      0x1c4 Lvgl\src\lv_themes\lv_theme_material.o
 .text.slider_init
                0x08016ec4      0x29c Lvgl\src\lv_themes\lv_theme_material.o
 .text.switch_init
                0x08017160      0x130 Lvgl\src\lv_themes\lv_theme_material.o
 .text.linemeter_init
                0x08017290      0x238 Lvgl\src\lv_themes\lv_theme_material.o
 .text.gauge_init
                0x080174c8      0x4dc Lvgl\src\lv_themes\lv_theme_material.o
 .text.arc_init
                0x080179a4      0x160 Lvgl\src\lv_themes\lv_theme_material.o
 .text.chart_init
                0x08017b04      0x25c Lvgl\src\lv_themes\lv_theme_material.o
 .text.calendar_init
                0x08017d60      0x76c Lvgl\src\lv_themes\lv_theme_material.o
 .text.cpicker_init
                0x080184cc      0x284 Lvgl\src\lv_themes\lv_theme_material.o
 .text.checkbox_init
                0x08018750      0x310 Lvgl\src\lv_themes\lv_theme_material.o
 .text.keyboard_init
                0x08018a60      0x1e4 Lvgl\src\lv_themes\lv_theme_material.o
 .text.msgbox_init
                0x08018c44       0x90 Lvgl\src\lv_themes\lv_theme_material.o
 .text.page_init
                0x08018cd4      0x164 Lvgl\src\lv_themes\lv_theme_material.o
 .text.textarea_init
                0x08018e38      0x124 Lvgl\src\lv_themes\lv_theme_material.o
 .text.spinbox_init
                0x08018f5c       0xcc Lvgl\src\lv_themes\lv_theme_material.o
 .text.list_init
                0x08019028      0x7cc Lvgl\src\lv_themes\lv_theme_material.o
 .text.ddlist_init
                0x080197f4      0x124 Lvgl\src\lv_themes\lv_theme_material.o
 .text.roller_init
                0x08019918       0x98 Lvgl\src\lv_themes\lv_theme_material.o
 .text.table_init
                0x080199b0      0x278 Lvgl\src\lv_themes\lv_theme_material.o
 .text.tabview_win_shared_init
                0x08019c28      0x5b8 Lvgl\src\lv_themes\lv_theme_material.o
 .text.led_init
                0x0801a1e0       0xf8 Lvgl\src\lv_themes\lv_theme_material.o
 .text.basic_init
                0x0801a2d8     0x1578 Lvgl\src\lv_themes\lv_theme_material.o
 .text.lv_theme_material_init
                0x0801b850       0xc0 Lvgl\src\lv_themes\lv_theme_material.o
                0x0801b850                lv_theme_material_init
 .text.lv_arc_get_style
                0x0801b910       0x40 Lvgl\src\lv_widgets\lv_arc.o
 .text.get_center
                0x0801b950       0xa6 Lvgl\src\lv_widgets\lv_arc.o
 .text.get_knob_area
                0x0801b9f6      0x136 Lvgl\src\lv_widgets\lv_arc.o
 .text.lv_arc_design
                0x0801bb2c      0x158 Lvgl\src\lv_widgets\lv_arc.o
 .text.inv_arc_area
                0x0801bc84      0x654 Lvgl\src\lv_widgets\lv_arc.o
 .text.lv_arc_set_start_angle
                0x0801c2d8       0x94 Lvgl\src\lv_widgets\lv_arc.o
                0x0801c2d8                lv_arc_set_start_angle
 .text.lv_arc_set_end_angle
                0x0801c36c       0x90 Lvgl\src\lv_widgets\lv_arc.o
                0x0801c36c                lv_arc_set_end_angle
 .text.value_update
                0x0801c3fc       0xd8 Lvgl\src\lv_widgets\lv_arc.o
 .text.lv_arc_set_value
                0x0801c4d4       0x4c Lvgl\src\lv_widgets\lv_arc.o
                0x0801c4d4                lv_arc_set_value
 .text.lv_arc_create
                0x0801c520      0x1d8 Lvgl\src\lv_widgets\lv_arc.o
                0x0801c520                lv_arc_create
 .text.lv_arc_get_value
                0x0801c6f8       0x28 Lvgl\src\lv_widgets\lv_arc.o
                0x0801c6f8                lv_arc_get_value
 .text.lv_arc_signal
                0x0801c720      0x344 Lvgl\src\lv_widgets\lv_arc.o
 .text.lv_area_get_width
                0x0801ca64        0xe Lvgl\src\lv_widgets\lv_bar.o
 .text.lv_area_get_height
                0x0801ca72        0xe Lvgl\src\lv_widgets\lv_bar.o
 .text.lv_bar_init_anim
                0x0801ca80       0x10 Lvgl\src\lv_widgets\lv_bar.o
 .text.lv_bar_get_style
                0x0801ca90       0x38 Lvgl\src\lv_widgets\lv_bar.o
 .text.draw_indic
                0x0801cac8      0x4d8 Lvgl\src\lv_widgets\lv_bar.o
 .text.draw_bg  0x0801cfa0       0x3e Lvgl\src\lv_widgets\lv_bar.o
 *fill*         0x0801cfde        0x2 
 .text.lv_bar_design
                0x0801cfe0       0xac Lvgl\src\lv_widgets\lv_bar.o
 .text.lv_bar_signal
                0x0801d08c       0x94 Lvgl\src\lv_widgets\lv_bar.o
 .text.lv_bar_anim_ready
                0x0801d120       0x38 Lvgl\src\lv_widgets\lv_bar.o
 .text.lv_bar_anim
                0x0801d158        0xc Lvgl\src\lv_widgets\lv_bar.o
 .text.lv_bar_set_value_with_anim
                0x0801d164       0x78 Lvgl\src\lv_widgets\lv_bar.o
 .text.lv_bar_set_value
                0x0801d1dc       0x64 Lvgl\src\lv_widgets\lv_bar.o
                0x0801d1dc                lv_bar_set_value
 .text.lv_bar_create
                0x0801d240      0x14c Lvgl\src\lv_widgets\lv_bar.o
                0x0801d240                lv_bar_create
 .text.lv_bar_set_start_value
                0x0801d38c       0x64 Lvgl\src\lv_widgets\lv_bar.o
                0x0801d38c                lv_bar_set_start_value
 .text.lv_bar_set_anim_time
                0x0801d3f0       0x28 Lvgl\src\lv_widgets\lv_bar.o
                0x0801d3f0                lv_bar_set_anim_time
 .text.lv_bar_get_value
                0x0801d418       0x38 Lvgl\src\lv_widgets\lv_bar.o
                0x0801d418                lv_bar_get_value
 .text.lv_bar_get_start_value
                0x0801d450       0x48 Lvgl\src\lv_widgets\lv_bar.o
                0x0801d450                lv_bar_get_start_value
 .text.lv_bar_get_type
                0x0801d498       0x2c Lvgl\src\lv_widgets\lv_bar.o
                0x0801d498                lv_bar_get_type
 .text.lv_bar_set_range
                0x0801d4c4       0x7c Lvgl\src\lv_widgets\lv_bar.o
                0x0801d4c4                lv_bar_set_range
 .text.lv_btn_design
                0x0801d540       0x30 Lvgl\src\lv_widgets\lv_btn.o
 .text.lv_btn_create
                0x0801d570       0xe0 Lvgl\src\lv_widgets\lv_btn.o
                0x0801d570                lv_btn_create
 .text.lv_btn_set_checkable
                0x0801d650       0x2c Lvgl\src\lv_widgets\lv_btn.o
                0x0801d650                lv_btn_set_checkable
 .text.lv_btn_set_state
                0x0801d67c       0x90 Lvgl\src\lv_widgets\lv_btn.o
                0x0801d67c                lv_btn_set_state
 .text.lv_btn_get_checkable
                0x0801d70c       0x28 Lvgl\src\lv_widgets\lv_btn.o
                0x0801d70c                lv_btn_get_checkable
 .text.lv_btn_signal
                0x0801d734       0xf0 Lvgl\src\lv_widgets\lv_btn.o
 .text.get_button_width
                0x0801d824        0xa Lvgl\src\lv_widgets\lv_btnmatrix.o
 .text.button_is_hidden
                0x0801d82e        0x6 Lvgl\src\lv_widgets\lv_btnmatrix.o
 .text.button_is_repeat_disabled
                0x0801d834        0x6 Lvgl\src\lv_widgets\lv_btnmatrix.o
 .text.button_is_inactive
                0x0801d83a        0x6 Lvgl\src\lv_widgets\lv_btnmatrix.o
 .text.button_is_click_trig
                0x0801d840        0x6 Lvgl\src\lv_widgets\lv_btnmatrix.o
 .text.button_is_tgl_enabled
                0x0801d846        0x6 Lvgl\src\lv_widgets\lv_btnmatrix.o
 .text.button_get_tgl_state
                0x0801d84c        0x6 Lvgl\src\lv_widgets\lv_btnmatrix.o
 *fill*         0x0801d852        0x2 
 .text.lv_btnmatrix_get_style
                0x0801d854       0x38 Lvgl\src\lv_widgets\lv_btnmatrix.o
 .text.get_button_from_point
                0x0801d88c      0x1b0 Lvgl\src\lv_widgets\lv_btnmatrix.o
 .text.invalidate_button_area
                0x0801da3c       0x74 Lvgl\src\lv_widgets\lv_btnmatrix.o
 .text.allocate_btn_areas_and_controls
                0x0801dab0       0xa0 Lvgl\src\lv_widgets\lv_btnmatrix.o
 .text.lv_btnmatrix_set_map
                0x0801db50      0x2dc Lvgl\src\lv_widgets\lv_btnmatrix.o
                0x0801db50                lv_btnmatrix_set_map
 .text.lv_btnmatrix_set_ctrl_map
                0x0801de2c       0x3c Lvgl\src\lv_widgets\lv_btnmatrix.o
                0x0801de2c                lv_btnmatrix_set_ctrl_map
 .text.lv_btnmatrix_create
                0x0801de68      0x110 Lvgl\src\lv_widgets\lv_btnmatrix.o