ff.c:581:6:mem_cpy	0	static
ff.c:598:6:mem_set	0	static
ff.c:607:5:mem_cmp	12	static
ff.c:617:5:chk_chr	0	static
ff.c:1126:7:clmt_clust	0	static
ff.c:1309:7:ld_clust	0	static
ff.c:1326:6:st_clust	0	static
ff.c:1774:6:get_fileinfo	8	static
ff.c:1844:7:get_achar	0	static
ff.c:1866:5:pattern_matching	40	static
ff.c:1914:9:create_name	40	static
ff.c:2188:5:get_ldnumber	4	static
ff.c:774:9:sync_window	24	static
ff.c:803:9:move_window	16	static
ff.c:2249:6:check_fs	8	static
ff.c:630:5:lock_fs	8	static
ff.c:2277:9:find_volume	40	static
ff.c:2446:9:validate	8	static
ff.c:639:6:unlock_fs	8	static
ff.c:834:9:sync_fs	16	static
ff.c:874:7:clust2sect	0	static
ff.c:892:7:get_fat	24	static
ff.c:1154:9:dir_sdi	24	static
ff.c:1727:9:dir_remove	16	static
ff.c:947:9:put_fat	24	static
ff.c:1064:7:create_chain	24	static
ff.c:1202:9:dir_next	32	static
ff.c:1529:9:dir_find	16	static
ff.c:2126:9:follow_path	16	static
ff.c:1273:9:dir_alloc	16	static
ff.c:1649:9:dir_register	16	static
ff.c:1590:9:dir_read	16	static
ff.c:1011:9:remove_chain	24	static
ff.c:2476:9:f_mount	32	static
ff.c:2523:9:f_open	88	static
ff.c:2659:9:f_read	48	static
ff.c:2760:9:f_write	48	static
ff.c:4551:6:putc_bfd	24	static
ff.c:2882:9:f_sync	16	static
ff.c:2931:9:f_close	16	static
ff.c:3103:9:f_lseek	40	static
ff.c:3261:9:f_opendir	40	static
ff.c:3317:9:f_closedir	16	static
ff.c:3349:9:f_readdir	40	static
ff.c:3391:9:f_findnext	16	static
ff.c:3417:9:f_findfirst	16	static
ff.c:3443:9:f_stat	72	static
ff.c:3478:9:f_getfree	40	static
ff.c:3545:9:f_truncate	16	static
ff.c:3601:9:f_unlink	104	static
ff.c:3670:9:f_mkdir	88	static
ff.c:3744:9:f_chmod	72	static
ff.c:3787:9:f_rename	128	static
ff.c:3865:9:f_utime	72	static
ff.c:4458:8:f_gets	32	static
ff.c:4606:5:f_putc	88	static
ff.c:4633:5:f_puts	88	static
ff.c:4661:5:f_printf	140	static
