sdio_sdcard.c:121:6:SDIO_Clock_Set	0	static
sdio_sdcard.c:134:6:SDIO_DeInit	0	static
sdio_sdcard.c:279:10:SD_PowerOFF	8	static
sdio_sdcard.c:359:10:SD_GetCardInfo	20	static
sdio_sdcard.c:507:10:SD_SetDeviceMode	0	static
sdio_sdcard.c:1302:10:CmdError	0	static
sdio_sdcard.c:1316:10:CmdResp7Error	0	static
sdio_sdcard.c:1342:10:CmdResp1Error	0	static
sdio_sdcard.c:519:10:SD_SelectDeselect	8	static
sdio_sdcard.c:1242:10:SD_ProcessIRQSrc	8	static
sdio_sdcard.c:1366:10:CmdResp3Error	0	static
sdio_sdcard.c:150:10:SD_PowerON	32	static
sdio_sdcard.c:1384:10:CmdResp2Error	0	static
sdio_sdcard.c:1412:10:CmdResp6Error	0	static
sdio_sdcard.c:286:10:SD_InitializeCards	16	static
sdio_sdcard.c:1490:10:IsCardProgramming	24	static
sdio_sdcard.c:1528:10:SD_SendStatus	16	static
sdio_sdcard.c:1551:13:SD_GetState	16	static
sdio_sdcard.c:1561:10:FindSCR	32	static
sdio_sdcard.c:1453:10:SDEnWideBus	24	static
sdio_sdcard.c:481:10:SD_EnableWideBusOperation	8	static
sdio_sdcard.c:43:10:SD_Init	56	static
sdio_sdcard.c:1644:4:convert_from_bytes_to_power_of_two	0	static
sdio_sdcard.c:1658:6:SD_DMA_Config	72	static
sdio_sdcard.c:534:10:SD_ReadBlock	32	static
sdio_sdcard.c:679:10:SD_ReadMultiBlocks	32	static
sdio_sdcard.c:841:10:SD_WriteBlock	40	static
sdio_sdcard.c:1036:10:SD_WriteMultiBlocks	40	static
sdio_sdcard.c:1686:4:SD_ReadDisk	48	static
sdio_sdcard.c:1712:4:SD_WriteDisk	40	static
