lv_cont.c:296:26:lv_cont_get_style	0	static
lv_cont.c:455:13:lv_cont_layout_center	40	static
lv_cont.c:627:13:lv_cont_layout_grid	48	static
lv_cont.c:661:13:lv_cont_refr_autofit	64	static
lv_cont.c:71:12:lv_cont_create	24	static
lv_cont.c:136:6:lv_cont_set_layout	16	static
lv_cont.c:158:6:lv_cont_set_fit4	24	static
lv_cont.c:186:13:lv_cont_get_layout	8	static
lv_cont.c:345:13:lv_cont_layout_col	56	static
lv_cont.c:399:13:lv_cont_layout_row	48	static
lv_cont.c:493:13:lv_cont_layout_pretty	88	static
lv_cont.c:314:13:lv_cont_refr_layout	16	static
lv_cont.c:257:17:lv_cont_signal	24	static
lv_cont.c:199:10:lv_cont_get_fit_left	8	static
lv_cont.c:212:10:lv_cont_get_fit_right	8	static
lv_cont.c:225:10:lv_cont_get_fit_top	8	static
lv_cont.c:238:10:lv_cont_get_fit_bottom	8	static
