lv_calendar.c:1085:16:is_leap_year	0	static
lv_calendar.c:1064:16:get_month_length	8	static
lv_calendar.c:1045:21:get_month_name	8	static
lv_calendar.c:1028:21:get_day_name	8	static
lv_calendar.c:1005:13:is_pressed	16	static
lv_calendar.c:971:13:is_highlighted	24	static
lv_calendar.c:577:26:lv_calendar_get_style	16	static
lv_calendar.c:700:13:draw_header	248	static
lv_calendar.c:686:19:get_day_names_height	16	static
lv_calendar.c:670:19:get_header_height	24	static
lv_calendar.c:774:13:draw_day_names	104	static
lv_calendar.c:82:12:lv_calendar_create	16	static
lv_calendar.c:186:6:lv_calendar_set_today_date	16	static
lv_calendar.c:205:6:lv_calendar_set_showed_date	16	static
lv_calendar.c:225:6:lv_calendar_set_highlighted_dates	16	static
lv_calendar.c:244:6:lv_calendar_set_day_names	16	static
lv_calendar.c:261:6:lv_calendar_set_month_names	16	static
lv_calendar.c:280:22:lv_calendar_get_today_date	8	static
lv_calendar.c:293:22:lv_calendar_get_showed_date	8	static
lv_calendar.c:307:22:lv_calendar_get_pressed_date	8	static
lv_calendar.c:320:22:lv_calendar_get_highlighted_dates	8	static
lv_calendar.c:333:10:lv_calendar_get_highlighted_dates_num	8	static
lv_calendar.c:346:15:lv_calendar_get_day_names	8	static
lv_calendar.c:359:15:lv_calendar_get_month_names	8	static
lv_calendar.c:374:9:lv_calendar_get_day_of_week	4	static
lv_calendar.c:821:13:draw_dates	248	static
lv_calendar.c:410:24:lv_calendar_design	16	static
lv_calendar.c:613:13:calculate_touched_day	40	static
lv_calendar.c:440:17:lv_calendar_signal	40	static
