lv_chart.c:1438:34:create_axis_label_iter	8	static
lv_chart.c:1026:26:lv_chart_get_style	16	static
lv_chart.c:1058:13:draw_series_bg	160	static
lv_chart.c:1469:13:get_next_axis_label	16	static
lv_chart.c:1541:13:draw_y_ticks	432	static
lv_chart.c:1690:13:draw_x_ticks	440	static
lv_chart.c:1795:13:draw_axes	16	static
lv_chart.c:1283:13:draw_series_column	176	static
lv_chart.c:1129:13:draw_series_line	384	static
lv_chart.c:1349:13:draw_cursors	144	static
lv_chart.c:982:17:lv_chart_signal	24	static
lv_chart.c:83:12:lv_chart_create	48	static
lv_chart.c:176:21:lv_chart_add_series	16	static
lv_chart.c:216:6:lv_chart_remove_series	16	static
lv_chart.c:238:22:lv_chart_add_cursor	16	static
lv_chart.c:260:6:lv_chart_clear_series	16	static
lv_chart.c:303:6:lv_chart_set_div_line_count	16	static
lv_chart.c:494:6:lv_chart_set_update_mode	16	static
lv_chart.c:513:6:lv_chart_set_x_tick_length	16	static
lv_chart.c:530:6:lv_chart_set_y_tick_length	16	static
lv_chart.c:547:6:lv_chart_set_secondary_y_tick_length	16	static
lv_chart.c:564:6:lv_chart_set_x_tick_texts	24	static
lv_chart.c:584:6:lv_chart_set_y_tick_texts	24	static
lv_chart.c:604:6:lv_chart_set_secondary_y_tick_texts	24	static
lv_chart.c:622:6:lv_chart_set_x_start_point	16	static
lv_chart.c:642:6:lv_chart_set_ext_array	24	static
lv_chart.c:662:6:lv_chart_set_point_id	24	static
lv_chart.c:723:17:lv_chart_get_type	8	static
lv_chart.c:736:10:lv_chart_get_point_count	8	static
lv_chart.c:749:10:lv_chart_get_x_start_point	8	static
lv_chart.c:763:12:lv_chart_get_point_id	16	static
lv_chart.c:780:17:lv_chart_get_series_axis	8	static
lv_chart.c:795:12:lv_chart_get_cursor_point	16	static
lv_chart.c:910:6:lv_chart_get_series_area	16	static
lv_chart.c:948:24:lv_chart_design	112	static
lv_chart.c:1806:13:invalidate_lines	48	static
lv_chart.c:1844:13:invalidate_columns	40	static
lv_chart.c:809:10:lv_chart_get_nearest_index_from_coord	24	static
lv_chart.c:833:12:lv_chart_get_x_from_index	48	static
lv_chart.c:882:12:lv_chart_get_y_from_index	32	static
lv_chart.c:927:6:lv_chart_refresh	8	static
lv_chart.c:283:6:lv_chart_hide_series	16	static
lv_chart.c:323:6:lv_chart_set_y_range	24	static
lv_chart.c:346:6:lv_chart_set_type	16	static
lv_chart.c:363:6:lv_chart_set_point_count	32	static
lv_chart.c:430:6:lv_chart_init_points	16	static
lv_chart.c:450:6:lv_chart_set_points	16	static
lv_chart.c:467:6:lv_chart_set_next	24	static
lv_chart.c:680:6:lv_chart_set_series_axis	16	static
lv_chart.c:703:6:lv_chart_set_cursor_point	16	static
