lv_gauge.c:475:26:lv_gauge_get_style	16	static
lv_gauge.c:503:13:lv_gauge_draw_labels	152	static
lv_gauge.c:562:13:lv_gauge_draw_needle	208	static
lv_gauge.c:408:24:lv_gauge_design	24	static
lv_gauge.c:444:17:lv_gauge_signal	24	static
lv_gauge.c:145:6:lv_gauge_set_needle_count	24	static
lv_gauge.c:180:6:lv_gauge_set_value	88	static
lv_gauge.c:255:6:lv_gauge_set_scale	24	static
lv_gauge.c:65:12:lv_gauge_create	24	static
lv_gauge.c:275:6:lv_gauge_set_needle_img	24	static
lv_gauge.c:293:6:lv_gauge_set_formatter_cb	16	static
lv_gauge.c:312:9:lv_gauge_get_value	16	static
lv_gauge.c:329:9:lv_gauge_get_needle_count	8	static
lv_gauge.c:342:9:lv_gauge_get_label_count	8	static
lv_gauge.c:356:14:lv_gauge_get_needle_img	8	static
lv_gauge.c:370:12:lv_gauge_get_needle_img_pivot_x	8	static
lv_gauge.c:384:12:lv_gauge_get_needle_img_pivot_y	8	static
