lv_textarea.c:1286:24:lv_textarea_design	8	static
lv_textarea.c:1624:13:pwd_char_hider_anim	0	static
lv_textarea.c:1561:26:lv_textarea_get_style	16	static
lv_textarea.c:1600:13:cursor_blink_anim	24	static
lv_textarea.c:1313:24:lv_textarea_scrollable_design	168	static
lv_page.h:186:20:lv_page_set_scrollable_fit2	24	static
lv_textarea.c:559:6:lv_textarea_set_placeholder_text	16	static
lv_textarea.c:697:6:lv_textarea_set_cursor_click_pos	16	static
lv_textarea.c:824:6:lv_textarea_set_accepted_chars	16	static
lv_textarea.c:838:6:lv_textarea_set_max_length	16	static
lv_textarea.c:855:6:lv_textarea_set_insert_replace	16	static
lv_textarea.c:868:6:lv_textarea_set_text_sel	8	static
lv_textarea.c:889:6:lv_textarea_set_pwd_show_time	16	static
lv_textarea.c:906:6:lv_textarea_set_cursor_blink_time	96	static
lv_textarea.c:952:14:lv_textarea_get_text	8	static
lv_textarea.c:1683:13:char_is_accepted	32	static
lv_textarea.c:974:14:lv_textarea_get_placeholder_text	8	static
lv_textarea.c:988:12:lv_textarea_get_label	8	static
lv_textarea.c:1001:10:lv_textarea_get_cursor_pos	8	static
lv_textarea.c:1712:13:refr_cursor_area	80	static
lv_textarea.c:1645:13:pwd_char_hider	48	static
lv_textarea.c:1634:13:pwd_char_hider_anim_ready	8	static
lv_textarea.c:602:6:lv_textarea_set_cursor_pos	128	static
lv_textarea.c:1795:13:update_cursor_position_on_click	48	static
lv_textarea.c:1511:17:lv_textarea_scrollable_signal	32	static
lv_textarea.c:681:6:lv_textarea_set_cursor_hidden	16	static
lv_textarea.c:791:6:lv_textarea_set_text_align	24	static
lv_textarea.c:748:6:lv_textarea_set_one_line	32	static
lv_textarea.c:88:12:lv_textarea_create	104	static
lv_textarea.c:1014:6:lv_textarea_get_cursor_hidden	8	static
lv_textarea.c:1027:6:lv_textarea_get_cursor_click_pos	8	static
lv_textarea.c:1040:6:lv_textarea_get_pwd_mode	8	static
lv_textarea.c:1053:6:lv_textarea_get_one_line	8	static
lv_textarea.c:1066:14:lv_textarea_get_accepted_chars	8	static
lv_textarea.c:1080:10:lv_textarea_get_max_length	8	static
lv_textarea.c:1093:6:lv_textarea_text_is_selected	8	static
lv_textarea.c:1118:6:lv_textarea_get_text_sel_en	8	static
lv_textarea.c:1136:10:lv_textarea_get_pwd_show_time	8	static
lv_textarea.c:1150:10:lv_textarea_get_cursor_blink_time	8	static
lv_textarea.c:1166:6:lv_textarea_clear_selection	8	static
lv_textarea.c:229:6:lv_textarea_add_char	120	static
lv_textarea.c:325:6:lv_textarea_add_text	112	static
lv_textarea.c:1910:17:insert_handler	16	static
lv_textarea.c:406:6:lv_textarea_del_char	32	static
lv_textarea.c:461:6:lv_textarea_del_char_forward	16	static
lv_textarea.c:479:6:lv_textarea_set_text	104	static
lv_textarea.c:710:6:lv_textarea_set_pwd_mode	16	static
lv_textarea.c:1187:6:lv_textarea_cursor_right	8	static
lv_textarea.c:1200:6:lv_textarea_cursor_left	8	static
lv_textarea.c:1215:6:lv_textarea_cursor_down	32	static
lv_textarea.c:1248:6:lv_textarea_cursor_up	24	static
lv_textarea.c:1399:17:lv_textarea_signal	32	static
